Component: ARM Compiler 5.06 update 6 (build 750) Tool: armlink [4d35ed]

==============================================================================

Section Cross References

    flash_start.o(.flash_start) refers to hal_systick.o(.text) for SYSTICK_IRQHandler
    flash_start.o(.flash_start) refers to hal_bt.o(.text) for BT_IRQHandler
    flash_start.o(.flash_start) refers to yc_exti.o(.text) for GPIO_IRQHandler
    flash_start.o(.flash_start) refers to hal_print.o(.text) for TIMER4_IRQHandler
    flash_start.o(.flash_start) refers to hal_time.o(.text) for TIMER6_IRQHandler
    flash_start.o(.flash_start) refers to entry.o(.ARM.Collect$$$$00000000) for __main
    startup.o(RESET) refers to startup.o(.text) for reset_handler
    startup.o(RESET) refers to flash_start.o(.flash_start) for hard_fault_handler
    startup.o(.text) refers to flash_start.o(.flash_start) for Reset_Handler
    system.o(.text) refers to yc_uart.o(.text) for UART_SendBuf
    system.o(.text) refers to uidiv.o(.text) for __aeabi_uidivmod
    system.o(.text) refers to system.o(.constdata) for g_pcHex1
    system.o(.constdata) refers to system.o(.conststring) for .conststring
    yc_gpio.o(.text) refers to system.o(.text) for _assert_handler
    yc_gpio.o(.text) refers to yc_gpio.o(i.__ARM_common_switch8) for __ARM_common_switch8
    yc_gpio.o(.text) refers to yc_gpio.o(.constdata) for __FUNCTION__
    yc_exti.o(.text) refers to system.o(.text) for _assert_handler
    yc_exti.o(.text) refers to yc_gpio.o(.text) for GPIO_ReadInputDataBit
    yc_exti.o(.text) refers to flash_start.o(.flash_start) for EXTI0_IRQHandler
    yc_exti.o(.text) refers to yc_exti.o(.constdata) for __FUNCTION__
    yc_exti.o(.text) refers to yc_exti.o(.data) for ExtiStatus
    yc_uart.o(.text) refers to system.o(.text) for _assert_handler
    yc_uart.o(.text) refers to uidiv.o(.text) for __aeabi_uidivmod
    yc_uart.o(.text) refers to yc_uart.o(.constdata) for __FUNCTION__
    yc_uart.o(.text) refers to yc_uart.o(.bss) for uart0_DMA_buf
    yc_systick.o(.text) refers to system.o(.text) for _assert_handler
    yc_systick.o(.text) refers to idiv.o(.text) for __aeabi_idivmod
    yc_systick.o(.text) refers to uidiv.o(.text) for __aeabi_uidivmod
    yc_systick.o(.text) refers to yc_systick.o(.constdata) for __FUNCTION__
    yc_systick.o(.text) refers to yc_systick.o(.data) for SystickCount
    yc_adc.o(.text) refers to system.o(.text) for _assert_handler
    yc_adc.o(.text) refers to yc_ipc.o(.text) for IpcInit
    yc_adc.o(.text) refers to idiv.o(.text) for __aeabi_idivmod
    yc_adc.o(.text) refers to memseta.o(.text) for __aeabi_memclr4
    yc_adc.o(.text) refers to yc_otp.o(.text) for read_otp
    yc_adc.o(.text) refers to yc_adc.o(.constdata) for __FUNCTION__
    yc_adc.o(.text) refers to yc_ipc.o(.data) for ipc_inited
    yc_sysctrl.o(.text) refers to system.o(.text) for _assert_handler
    yc_sysctrl.o(.text) refers to idiv.o(.text) for __aeabi_idivmod
    yc_sysctrl.o(.text) refers to startup.o(.text) for delay
    yc_sysctrl.o(.text) refers to yc_sysctrl.o(.constdata) for __FUNCTION__
    yc_timer.o(.text) refers to system.o(.text) for _assert_handler
    yc_timer.o(.text) refers to startup.o(.text) for delay
    yc_timer.o(.text) refers to yc_timer.o(.constdata) for __FUNCTION__
    yc_spi.o(.text) refers to system.o(.text) for _assert_handler
    yc_spi.o(.text) refers to yc_spi.o(.constdata) for __FUNCTION__
    yc_ipc.o(.text) refers to yc_timer.o(.text) for delay_ms
    yc_ipc.o(.text) refers to uread4.o(.text) for __aeabi_uread4
    yc_ipc.o(.text) refers to yc_ipc.o(.data) for IpcRx
    yc_ipc.o(.text) refers to startup.o(.text) for delay
    yc_ipc.o(.text) refers to system.o(.text) for MyPrintf
    yc_ipc.o(.text) refers to bt_code.o(.constdata) for bt_code
    yc_power.o(.text) refers to yc_lpm.o(.text) for lpm_bt_read
    yc_bt.o(.text) refers to uwrite4.o(.text) for __aeabi_uwrite4
    yc_bt.o(.text) refers to yc_ipc.o(.text) for IpcInit
    yc_bt.o(.text) refers to yc_systick.o(.text) for SysTick_GetTick
    yc_bt.o(.text) refers to yc_bt.o(.bss) for BluetoothBuf
    yc_bt.o(.text) refers to yc_bt.o(.data) for HCI_CMD_BIT_FLAG
    yc_bt.o(.text) refers to yc_ipc.o(.bss) for ipcrecbuf
    yc_bt.o(.text) refers to memcpya.o(.text) for __aeabi_memcpy
    yc_bt.o(.text) refers to yc_gpio.o(i.__ARM_common_switch8) for __ARM_common_switch8
    yc_bt.o(.text) refers to uread4.o(.text) for __aeabi_uread4
    yc_lpm.o(.text) refers to startup.o(.text) for delay
    yc_lpm.o(.text) refers to yc_otp.o(.text) for read_otp
    yc_lpm.o(.text) refers to misc.o(.text) for NVIC_DisableIRQ
    yc_lpm.o(.text) refers to yc_ipc.o(.text) for IPC_TxData
    yc_lpm.o(.text) refers to yc_sysctrl.o(.text) for SYSCTRL_HCLKConfig
    yc_lpm.o(.text) refers to yc_gpio.o(.text) for GPIO_Config
    yc_lpm.o(.text) refers to yc_lpm.o(.data) for value_rtc_1s
    yc_lpm.o(.text) refers to yc_ipc.o(.data) for ipc_inited
[...]
    printf7.o(i.__0sprintf$7) refers to printf7.o(i._printf_core) for _printf_core
    printf7.o(i.__0sprintf$7) refers to printf7.o(i._sputc) for _sputc
    printf7.o(i.__0vfprintf$7) refers to printf7.o(i._printf_core) for _printf_core
    printf7.o(i.__0vfprintf$7) refers to hal_log.o(.text) for fputc
    printf7.o(i.__0vprintf$7) refers to printf7.o(i._printf_core) for _printf_core
    printf7.o(i.__0vprintf$7) refers to hal_log.o(.text) for fputc
    printf7.o(i.__0vprintf$7) refers to stdout.o(.data) for __stdout
    printf7.o(i.__0vsnprintf$7) refers to printf7.o(i._printf_core) for _printf_core
    printf7.o(i.__0vsnprintf$7) refers to printf7.o(i._snputc) for _snputc
    printf7.o(i.__0vsprintf$7) refers to printf7.o(i._printf_core) for _printf_core
    printf7.o(i.__0vsprintf$7) refers to printf7.o(i._sputc) for _sputc
    printf7.o(i._printf_core) refers to printf7.o(i._printf_pre_padding) for _printf_pre_padding
    printf7.o(i._printf_core) refers to printf7.o(i._printf_post_padding) for _printf_post_padding
    printf7.o(i._printf_core) refers to uldiv.o(.text) for __aeabi_uldivmod
    printf8.o(i.__0fprintf$8) refers to printf8.o(i._printf_core) for _printf_core
    printf8.o(i.__0fprintf$8) refers to hal_log.o(.text) for fputc
    printf8.o(i.__0printf$8) refers to printf8.o(i._printf_core) for _printf_core
    printf8.o(i.__0printf$8) refers to hal_log.o(.text) for fputc
    printf8.o(i.__0printf$8) refers to stdout.o(.data) for __stdout
    printf8.o(i.__0snprintf$8) refers to printf8.o(i._printf_core) for _printf_core
    printf8.o(i.__0snprintf$8) refers to printf8.o(i._snputc) for _snputc
    printf8.o(i.__0sprintf$8) refers to printf8.o(i._printf_core) for _printf_core
    printf8.o(i.__0sprintf$8) refers to printf8.o(i._sputc) for _sputc
    printf8.o(i.__0vfprintf$8) refers to printf8.o(i._printf_core) for _printf_core
    printf8.o(i.__0vfprintf$8) refers to hal_log.o(.text) for fputc
    printf8.o(i.__0vprintf$8) refers to printf8.o(i._printf_core) for _printf_core
    printf8.o(i.__0vprintf$8) refers to hal_log.o(.text) for fputc
    printf8.o(i.__0vprintf$8) refers to stdout.o(.data) for __stdout
    printf8.o(i.__0vsnprintf$8) refers to printf8.o(i._printf_core) for _printf_core
    printf8.o(i.__0vsnprintf$8) refers to printf8.o(i._snputc) for _snputc
    printf8.o(i.__0vsprintf$8) refers to printf8.o(i._printf_core) for _printf_core
    printf8.o(i.__0vsprintf$8) refers to printf8.o(i._sputc) for _sputc
    printf8.o(i._printf_core) refers to printf8.o(i._printf_pre_padding) for _printf_pre_padding
    printf8.o(i._printf_core) refers to printf8.o(i._printf_post_padding) for _printf_post_padding
    printf8.o(i._printf_core) refers to uldiv.o(.text) for __aeabi_uldivmod
    printfa.o(i.__0fprintf) refers (Special) to iusefp.o(.text) for __I$use$fp
    printfa.o(i.__0fprintf) refers to printfa.o(i._printf_core) for _printf_core
    printfa.o(i.__0fprintf) refers to hal_log.o(.text) for fputc
    printfa.o(i.__0printf) refers (Special) to iusefp.o(.text) for __I$use$fp
    printfa.o(i.__0printf) refers to printfa.o(i._printf_core) for _printf_core
    printfa.o(i.__0printf) refers to hal_log.o(.text) for fputc
    printfa.o(i.__0printf) refers to stdout.o(.data) for __stdout
    printfa.o(i.__0snprintf) refers (Special) to iusefp.o(.text) for __I$use$fp
    printfa.o(i.__0snprintf) refers to printfa.o(i._printf_core) for _printf_core
    printfa.o(i.__0snprintf) refers to printfa.o(i._snputc) for _snputc
    printfa.o(i.__0sprintf) refers (Special) to iusefp.o(.text) for __I$use$fp
    printfa.o(i.__0sprintf) refers to printfa.o(i._printf_core) for _printf_core
    printfa.o(i.__0sprintf) refers to printfa.o(i._sputc) for _sputc
    printfa.o(i.__0vfprintf) refers (Special) to iusefp.o(.text) for __I$use$fp
    printfa.o(i.__0vfprintf) refers to printfa.o(i._printf_core) for _printf_core
    printfa.o(i.__0vfprintf) refers to hal_log.o(.text) for fputc
    printfa.o(i.__0vprintf) refers (Special) to iusefp.o(.text) for __I$use$fp
    printfa.o(i.__0vprintf) refers to printfa.o(i._printf_core) for _printf_core
    printfa.o(i.__0vprintf) refers to hal_log.o(.text) for fputc
    printfa.o(i.__0vprintf) refers to stdout.o(.data) for __stdout
    printfa.o(i.__0vsnprintf) refers (Special) to iusefp.o(.text) for __I$use$fp
    printfa.o(i.__0vsnprintf) refers to printfa.o(i._printf_core) for _printf_core
    printfa.o(i.__0vsnprintf) refers to printfa.o(i._snputc) for _snputc
    printfa.o(i.__0vsprintf) refers (Special) to iusefp.o(.text) for __I$use$fp
    printfa.o(i.__0vsprintf) refers to printfa.o(i._printf_core) for _printf_core
    printfa.o(i.__0vsprintf) refers to printfa.o(i._sputc) for _sputc
    printfa.o(i._fp_digits) refers (Special) to iusefp.o(.text) for __I$use$fp
    printfa.o(i._fp_digits) refers to dmul.o(.text) for __aeabi_dmul
    printfa.o(i._fp_digits) refers to ddiv.o(.text) for __aeabi_ddiv
    printfa.o(i._fp_digits) refers to cdrcmple.o(.text) for __aeabi_cdrcmple
    printfa.o(i._fp_digits) refers to dadd.o(.text) for __aeabi_dadd
    printfa.o(i._fp_digits) refers to dfixul.o(.text) for __aeabi_d2ulz
    printfa.o(i._fp_digits) refers to uldiv.o(.text) for __aeabi_uldivmod
    printfa.o(i._printf_core) refers (Special) to iusefp.o(.text) for __I$use$fp
    printfa.o(i._printf_core) refers to printfa.o(i._printf_pre_padding) for _printf_pre_padding
    printfa.o(i._printf_core) refers to uldiv.o(.text) for __aeabi_uldivmod
    printfa.o(i._printf_core) refers to printfa.o(i._printf_post_padding) for _printf_post_padding
    printfa.o(i._printf_core) refers to printfa.o(i._fp_digits) for _fp_digits
    printfa.o(i._printf_core) refers to uidiv.o(.text) for __aeabi_uidivmod
    printfa.o(i._printf_post_padding) refers (Special) to iusefp.o(.text) for __I$use$fp
    printfa.o(i._printf_pre_padding) refers (Special) to iusefp.o(.text) for __I$use$fp
    printfa.o(i._snputc) refers (Special) to iusefp.o(.text) for __I$use$fp
    printfa.o(i._sputc) refers (Special) to iusefp.o(.text) for __I$use$fp
    entry2.o(.ARM.Collect$$$$00000001) refers to entry2.o(.ARM.Collect$$$$00002712) for __lit__00000000
    entry2.o(__vectab_stack_and_reset_area) refers to entry.o(.ARM.Collect$$$$00000000) for __main
    entry5.o(.ARM.Collect$$$$00000004) refers to init.o(.text) for __scatterload
    entry9a.o(.ARM.Collect$$$$0000000B) refers to main.o(.text) for main
    entry9b.o(.ARM.Collect$$$$0000000C) refers to main.o(.text) for main
    uldiv.o(.text) refers to llushr.o(.text) for __aeabi_llsr
    uldiv.o(.text) refers to llshl.o(.text) for __aeabi_llsl
    dadd.o(.text) refers to llshl.o(.text) for __aeabi_llsl
    dadd.o(.text) refers to llsshr.o(.text) for __aeabi_lasr
    dadd.o(.text) refers to depilogue.o(.text) for _double_epilogue
    dmul.o(.text) refers to depilogue.o(.text) for _double_epilogue
    ddiv.o(.text) refers to depilogue.o(.text) for _double_round
    dfixul.o(.text) refers to llushr.o(.text) for __aeabi_llsr
    dfixul.o(.text) refers to llshl.o(.text) for __aeabi_llsl
    init.o(.text) refers to entry5.o(.ARM.Collect$$$$00000004) for __main_after_scatterload
    depilogue.o(.text) refers to depilogue.o(i.__ARM_clz) for __ARM_clz
    depilogue.o(.text) refers to llshl.o(.text) for __aeabi_llsl
    depilogue.o(.text) refers to llushr.o(.text) for __aeabi_llsr


==============================================================================

Removing Unused input sections from the image.

    Removing startup.o(STACK), (65536 bytes).
    Removing startup.o(HEAP), (0 bytes).
    Removing yc_qspi.o(i.app_clear_disable_download_flag), (76 bytes).
    Removing yc_qspi.o(i.app_enable_download), (28 bytes).
    Removing yc_qspi.o(i.enc_earse_flash_app_area), (228 bytes).
    Removing yc_qspi.o(i.enc_erase_flash_32byte), (92 bytes).
    Removing yc_qspi.o(i.enc_erase_flash_32k), (132 bytes).
    Removing yc_qspi.o(i.enc_read_flash), (122 bytes).
    Removing yc_qspi.o(i.enc_write_flash), (68 bytes).
    Removing yc_qspi.o(i.flash_blank_check), (52 bytes).
    Removing yc_qspi.o(i.qspi_GetVersion), (8 bytes).
    Removing yc_qspi.o(i.qspi_flash_blockerase32k), (48 bytes).
    Removing yc_qspi.o(i.qspi_flash_sectorerase), (48 bytes).
    Removing yc_qspi.o(i.qspi_flash_write), (56 bytes).
    Removing yc_qspi.o(i.read_flash_size), (112 bytes).
    Removing yc_qspi.o(i.replace_w_data), (148 bytes).

16 unused section(s) (total 66754 bytes) removed from the image.

==============================================================================

Adding Veneers to the image

    Adding TT veneer (12 bytes, Long) for call to 'delay' from yc_sysctrl.o(.text).

1 Veneer(s) (total 12 bytes) added to the image.

==============================================================================

Image Symbol Table

    Local Symbols

    Symbol Name                              Value     Ov Type        Size  Object(Section)

    RESET                                    0x00000000   Section      192  startup.o(RESET)
    ../clib/microlib/division.c              0x00000000   Number         0  uldiv.o ABSOLUTE
    ../clib/microlib/division.c              0x00000000   Number         0  idiv.o ABSOLUTE
    ../clib/microlib/division.c              0x00000000   Number         0  uidiv.o ABSOLUTE
    ../clib/microlib/init/entry.s            0x00000000   Number         0  entry7a.o ABSOLUTE
    ../clib/microlib/init/entry.s            0x00000000   Number         0  entry7b.o ABSOLUTE
    ../clib/microlib/init/entry.s            0x00000000   Number         0  entry10a.o ABSOLUTE
    ../clib/microlib/init/entry.s            0x00000000   Number         0  entry11b.o ABSOLUTE
    ../clib/microlib/init/entry.s            0x00000000   Number         0  entry8b.o ABSOLUTE
    ../clib/microlib/init/entry.s            0x00000000   Number         0  entry11a.o ABSOLUTE
    ../clib/microlib/init/entry.s            0x00000000   Number         0  entry10b.o ABSOLUTE
    ../clib/microlib/init/entry.s            0x00000000   Number         0  entry9b.o ABSOLUTE
    ../clib/microlib/init/entry.s            0x00000000   Number         0  entry9a.o ABSOLUTE
    ../clib/microlib/init/entry.s            0x00000000   Number         0  entry8a.o ABSOLUTE
    ../clib/microlib/init/entry.s            0x00000000   Number         0  entry.o ABSOLUTE
    ../clib/microlib/init/entry.s            0x00000000   Number         0  entry2.o ABSOLUTE
    ../clib/microlib/init/entry.s            0x00000000   Number         0  entry5.o ABSOLUTE
    ../clib/microlib/longlong.c              0x00000000   Number         0  llushr.o ABSOLUTE
    ../clib/microlib/longlong.c              0x00000000   Number         0  llshl.o ABSOLUTE
    ../clib/microlib/longlong.c              0x00000000   Number         0  llsshr.o ABSOLUTE
    ../clib/microlib/printf/printf.c         0x00000000   Number         0  printf0.o ABSOLUTE
    ../clib/microlib/printf/printf.c         0x00000000   Number         0  printf2.o ABSOLUTE
    ../clib/microlib/printf/printf.c         0x00000000   Number         0  printf3.o ABSOLUTE
    ../clib/microlib/printf/printf.c         0x00000000   Number         0  printf4.o ABSOLUTE
    ../clib/microlib/printf/printf.c         0x00000000   Number         0  printfb.o ABSOLUTE
    ../clib/microlib/printf/printf.c         0x00000000   Number         0  printf1.o ABSOLUTE
    ../clib/microlib/printf/printf.c         0x00000000   Number         0  printf7.o ABSOLUTE
    ../clib/microlib/printf/printf.c         0x00000000   Number         0  printf8.o ABSOLUTE
    ../clib/microlib/printf/printf.c         0x00000000   Number         0  printfa.o ABSOLUTE
    ../clib/microlib/printf/printf.c         0x00000000   Number         0  printf6.o ABSOLUTE
    ../clib/microlib/printf/printf.c         0x00000000   Number         0  printf5.o ABSOLUTE
    ../clib/microlib/stdio/streams.c         0x00000000   Number         0  stdout.o ABSOLUTE
    ../clib/microlib/string/memcpy.c         0x00000000   Number         0  memcpyb.o ABSOLUTE
    ../clib/microlib/string/memcpy.c         0x00000000   Number         0  memcpya.o ABSOLUTE
    ../clib/microlib/string/memset.c         0x00000000   Number         0  memseta.o ABSOLUTE
    ../clib/microlib/stubs.s                 0x00000000   Number         0  iusefp.o ABSOLUTE
    ../clib/microlib/unhosted.c              0x00000000   Number         0  uread4.o ABSOLUTE
    ../clib/microlib/unhosted.c              0x00000000   Number         0  uwrite4.o ABSOLUTE
    ../fplib/microlib/fpadd.c                0x00000000   Number         0  dadd.o ABSOLUTE
    ../fplib/microlib/fpdiv.c                0x00000000   Number         0  ddiv.o ABSOLUTE
    ../fplib/microlib/fpepilogue.c           0x00000000   Number         0  depilogue.o ABSOLUTE
    ../fplib/microlib/fpfix.c                0x00000000   Number         0  dfixul.o ABSOLUTE
    ../fplib/microlib/fpmul.c                0x00000000   Number         0  dmul.o ABSOLUTE
    ..\..\..\..\..\Librarier\sdk\yc_qspi.c   0x00000000   Number         0  yc_qspi.o ABSOLUTE
    ..\..\hardware\Librarier\core\bt_code.c  0x00000000   Number         0  bt_code.o ABSOLUTE
    ..\..\hardware\Librarier\core\misc.c     0x00000000   Number         0  misc.o ABSOLUTE
    ..\..\hardware\Librarier\core\system.c   0x00000000   Number         0  system.o ABSOLUTE
    ..\..\hardware\Librarier\sdk\yc_adc.c    0x00000000   Number         0  yc_adc.o ABSOLUTE
    ..\..\hardware\Librarier\sdk\yc_bt.c     0x00000000   Number         0  yc_bt.o ABSOLUTE
    ..\..\hardware\Librarier\sdk\yc_exti.c   0x00000000   Number         0  yc_exti.o ABSOLUTE
    ..\..\hardware\Librarier\sdk\yc_gpio.c   0x00000000   Number         0  yc_gpio.o ABSOLUTE
    ..\..\hardware\Librarier\sdk\yc_ipc.c    0x00000000   Number         0  yc_ipc.o ABSOLUTE
    ..\..\hardware\Librarier\sdk\yc_lpm.c    0x00000000   Number         0  yc_lpm.o ABSOLUTE
    ..\..\hardware\Librarier\sdk\yc_otp.c    0x00000000   Number         0  yc_otp.o ABSOLUTE
    ..\..\hardware\Librarier\sdk\yc_power.c  0x00000000   Number         0  yc_power.o ABSOLUTE
    ..\..\hardware\Librarier\sdk\yc_spi.c    0x00000000   Number         0  yc_spi.o ABSOLUTE
    ..\..\hardware\Librarier\sdk\yc_sysctrl.c 0x00000000   Number         0  yc_sysctrl.o ABSOLUTE
    ..\..\hardware\Librarier\sdk\yc_systick.c 0x00000000   Number         0  yc_systick.o ABSOLUTE
    ..\..\hardware\Librarier\sdk\yc_timer.c  0x00000000   Number         0  yc_timer.o ABSOLUTE
    ..\..\hardware\Librarier\sdk\yc_uart.c   0x00000000   Number         0  yc_uart.o ABSOLUTE
    ..\..\hardware\Librarier\startup\flash_start.s 0x00000000   Number         0  flash_start.o ABSOLUTE
    ..\..\hardware\Librarier\startup\startup.s 0x00000000   Number         0  startup.o ABSOLUTE
    ..\..\hardware\hal_adc.c                 0x00000000   Number         0  hal_adc.o ABSOLUTE
    ..\..\hardware\hal_bt.c                  0x00000000   Number         0  hal_bt.o ABSOLUTE
    ..\..\hardware\hal_button.c              0x00000000   Number         0  hal_button.o ABSOLUTE
    ..\..\hardware\hal_init.c                0x00000000   Number         0  hal_init.o ABSOLUTE
    ..\..\hardware\hal_led.c                 0x00000000   Number         0  hal_led.o ABSOLUTE
    ..\..\hardware\hal_log.c                 0x00000000   Number         0  hal_log.o ABSOLUTE
    ..\..\hardware\hal_print.c               0x00000000   Number         0  hal_print.o ABSOLUTE
    ..\..\hardware\hal_systick.c             0x00000000   Number         0  hal_systick.o ABSOLUTE
    ..\..\hardware\hal_time.c                0x00000000   Number         0  hal_time.o ABSOLUTE
    ..\app\app_esc.c                         0x00000000   Number         0  app_esc.o ABSOLUTE
    ..\app\main.c                            0x00000000   Number         0  main.o ABSOLUTE
    ..\middle\middle_mmu.c                   0x00000000   Number         0  middle_mmu.o ABSOLUTE
    ..\middle\middle_print.c                 0x00000000   Number         0  middle_print.o ABSOLUTE
    ..\middle\middle_print_list.c            0x00000000   Number         0  middle_print_list.o ABSOLUTE
    ..\middle\middle_protocol.c              0x00000000   Number         0  middle_protocol.o ABSOLUTE
    cdrcmple.s                               0x00000000   Number         0  cdrcmple.o ABSOLUTE
    dc.s                                     0x00000000   Number         0  dc.o ABSOLUTE
    handlers.s                               0x00000000   Number         0  handlers.o ABSOLUTE
    init.s                                   0x00000000   Number         0  init.o ABSOLUTE
    .text                                    0x000000c0   Section       20  startup.o(.text)
    .data                                    0x00020000   Section       24  yc_exti.o(.data)
    ExtiEn                                   0x00020000   Data           6  yc_exti.o(.data)
    ExtiTrig                                 0x00020006   Data           6  yc_exti.o(.data)
    ExtiRisingFallingTrig                    0x0002000c   Data           6  yc_exti.o(.data)
    ExtiStatus                               0x00020012   Data           6  yc_exti.o(.data)
    .data                                    0x00020018   Section        4  yc_systick.o(.data)
    .data                                    0x0002001c   Section        9  yc_ipc.o(.data)
    .data                                    0x00020028   Section       31  yc_bt.o(.data)
    StartTick                                0x00020028   Data           4  yc_bt.o(.data)
    HCI_CMD_BIT_FLAG                         0x0002002c   Data           8  yc_bt.o(.data)
    CmdRepData                               0x00020034   Data           5  yc_bt.o(.data)
    PacketNum                                0x0002003c   Data           4  yc_bt.o(.data)
    .data                                    0x00020048   Section        4  yc_lpm.o(.data)
    value_rtc_1s                             0x00020048   Data           4  yc_lpm.o(.data)
    .data                                    0x0002004c   Section        4  hal_systick.o(.data)
    hal_systick_time_count                   0x0002004c   Data           4  hal_systick.o(.data)
    .data                                    0x00020050   Section        4  hal_time.o(.data)
    hal_time_period_exec                     0x00020050   Data           4  hal_time.o(.data)
    .data                                    0x00020054   Section        8  hal_button.o(.data)
    hal_button_clicked_timeout               0x00020054   Data           4  hal_button.o(.data)
    hal_button_clicked_value                 0x00020058   Data           4  hal_button.o(.data)
    .data                                    0x0002005c   Section       99  hal_bt.o(.data)
    hex_lookup                               0x000200af   Data          16  hal_bt.o(.data)
    .data                                    0x000200c0   Section        4  middle_print.o(.data)
    middle_print_list                        0x000200c0   Data           4  middle_print.o(.data)
    .data                                    0x000200c4   Section        2  main.o(.data)
    testline                                 0x000200c4   Data           2  main.o(.data)
    .data                                    0x000200c8   Section        4  stdout.o(.data)
    .bss                                     0x000200cc   Section     2048  yc_uart.o(.bss)
    .bss                                     0x000208cc   Section      256  yc_ipc.o(.bss)
    .bss                                     0x000209cc   Section     2068  yc_bt.o(.bss)
    BluetoothBuf                             0x000211cc   Data          20  yc_bt.o(.bss)
    .bss                                     0x000211e0   Section      170  hal_bt.o(.bss)
    .bss                                     0x0002128c   Section      484  middle_print_list.o(.bss)
    mid_printlistm                           0x0002128c   Data         484  middle_print_list.o(.bss)
    .bss                                     0x00021470   Section      108  middle_print.o(.bss)
    middle_print_mgr                         0x00021470   Data          36  middle_print.o(.bss)
    middle_print_line_data                   0x00021494   Data          72  middle_print.o(.bss)
    .bss                                     0x000214dc   Section     6528  middle_mmu.o(.bss)
    middle_mmu_base                          0x000214dc   Data        6144  middle_mmu.o(.bss)
    middle_mmu_mapbase                       0x00022cdc   Data         384  middle_mmu.o(.bss)
    .bss                                     0x00022e5c   Section     2064  middle_protocol.o(.bss)
    middle_protocol_buff                     0x00022e5c   Data        2048  middle_protocol.o(.bss)
    middle_protocol                          0x0002365c   Data          16  middle_protocol.o(.bss)
    .bss                                     0x0002366c   Section       72  main.o(.bss)
    testdata                                 0x0002366c   Data          72  main.o(.bss)
    .flash_start                             0x01000200   Section      312  flash_start.o(.flash_start)
    isr                                      0x0100029d   Thumb Code     6  flash_start.o(.flash_start)
    isr_ret                                  0x010002a3   Thumb Code     8  flash_start.o(.flash_start)
    .ARM.Collect$$$$00000000                 0x01000400   Section        0  entry.o(.ARM.Collect$$$$00000000)
    .ARM.Collect$$$$00000001                 0x01000400   Section        4  entry2.o(.ARM.Collect$$$$00000001)
    .ARM.Collect$$$$00000004                 0x01000404   Section        4  entry5.o(.ARM.Collect$$$$00000004)
    .ARM.Collect$$$$00000008                 0x01000408   Section        0  entry7b.o(.ARM.Collect$$$$00000008)
    .ARM.Collect$$$$0000000A                 0x01000408   Section        0  entry8b.o(.ARM.Collect$$$$0000000A)
    .ARM.Collect$$$$0000000B                 0x01000408   Section        8  entry9a.o(.ARM.Collect$$$$0000000B)
    .ARM.Collect$$$$0000000D                 0x01000410   Section        0  entry10a.o(.ARM.Collect$$$$0000000D)
    .ARM.Collect$$$$0000000F                 0x01000410   Section        0  entry11a.o(.ARM.Collect$$$$0000000F)
    .ARM.Collect$$$$00002712                 0x01000410   Section        4  entry2.o(.ARM.Collect$$$$00002712)
    __lit__00000000                          0x01000410   Data           4  entry2.o(.ARM.Collect$$$$00002712)
    .text                                    0x01000414   Section        0  misc.o(.text)
    .text                                    0x010004f4   Section        0  system.o(.text)
    .text                                    0x01000838   Section        0  yc_gpio.o(.text)
    .text                                    0x01000e58   Section        0  yc_exti.o(.text)
    .text                                    0x01001224   Section        0  yc_uart.o(.text)
    .text                                    0x010018f4   Section        0  yc_systick.o(.text)
    sysTick_delay_ms                         0x010018f5   Thumb Code   124  yc_systick.o(.text)
    .text                                    0x01001b60   Section        0  yc_adc.o(.text)
    calculate_voltage                        0x01001ce9   Thumb Code    58  yc_adc.o(.text)
    .text                                    0x01001f14   Section        0  yc_sysctrl.o(.text)
    __tagsym$$noinline                       0x01001f63   Number         0  yc_sysctrl.o(.text)
    .text                                    0x01002084   Section        0  yc_timer.o(.text)
    .text                                    0x010023c8   Section        0  yc_spi.o(.text)
    .text                                    0x01002578   Section        0  yc_otp.o(.text)
    .text                                    0x010025fc   Section        0  yc_ipc.o(.text)
    _dma_start                               0x01002a49   Thumb Code    40  yc_ipc.o(.text)
    __tagsym$$noinline                       0x01002a49   Number         0  yc_ipc.o(.text)
    __tagsym$$noinline                       0x01002a71   Number         0  yc_ipc.o(.text)
    .text                                    0x01002cdc   Section        0  yc_power.o(.text)
    .text                                    0x01002d28   Section        0  yc_bt.o(.text)
    SkipData                                 0x01002d9b   Thumb Code    46  yc_bt.o(.text)
    SaveData                                 0x01002dc9   Thumb Code    80  yc_bt.o(.text)
    GetData                                  0x01002ee1   Thumb Code    52  yc_bt.o(.text)
    SendCMD                                  0x01002f15   Thumb Code    34  yc_bt.o(.text)
    .text                                    0x0100435c   Section        0  yc_lpm.o(.text)
    get_otp                                  0x01004485   Thumb Code    68  yc_lpm.o(.text)
    .text                                    0x01004670   Section        0  hal_log.o(.text)
    .text                                    0x01004710   Section        0  hal_print.o(.text)
    hal_print_motor_spwm_init                0x010047dd   Thumb Code   198  hal_print.o(.text)
    hal_print_motor_speed_init               0x010048a3   Thumb Code    50  hal_print.o(.text)
    hal_print_tp_init                        0x010048d5   Thumb Code   160  hal_print.o(.text)
    .text                                    0x010049a0   Section        0  hal_systick.o(.text)
    .text                                    0x010049e0   Section        0  hal_adc.o(.text)
    .text                                    0x01004a00   Section        0  hal_time.o(.text)
    .text                                    0x01004a58   Section        0  hal_button.o(.text)
    .text                                    0x01004ab4   Section        0  hal_led.o(.text)
    .text                                    0x01004ad4   Section        0  hal_init.o(.text)
    .text                                    0x01004b1c   Section        0  hal_bt.o(.text)
    array2hex                                0x01004b1d   Thumb Code    44  hal_bt.o(.text)
    .text                                    0x01005304   Section        0  middle_print_list.o(.text)
    middle_print_line_data_slice             0x01005305   Thumb Code   180  middle_print_list.o(.text)
    middle_print_line_heattime               0x010053b9   Thumb Code   110  middle_print_list.o(.text)
    middle_print_line_data_parse             0x01005427   Thumb Code   186  middle_print_list.o(.text)
    .text                                    0x01005684   Section        0  middle_print.o(.text)
    middle_print_motor_linefeed_completed    0x01005855   Thumb Code    30  middle_print.o(.text)
    middle_print_line_data_latch             0x01005873   Thumb Code    36  middle_print.o(.text)
    middle_print_stop                        0x010058b3   Thumb Code    36  middle_print.o(.text)
    middle_print_start                       0x010059bd   Thumb Code    88  middle_print.o(.text)
    .text                                    0x01005abc   Section        0  middle_mmu.o(.text)
    .text                                    0x01005b8c   Section        0  middle_protocol.o(.text)
    .text                                    0x01005d00   Section        0  main.o(.text)
    period_execute                           0x01005d01   Thumb Code    10  main.o(.text)
    .text                                    0x01005de4   Section        0  app_esc.o(.text)
    .text                                    0x01005e9c   Section        0  uidiv.o(.text)
    .text                                    0x01005ec8   Section        0  idiv.o(.text)
    .text                                    0x01005ef0   Section        0  memcpya.o(.text)
    .text                                    0x01005f14   Section        0  memseta.o(.text)
    .text                                    0x01005f38   Section        0  uread4.o(.text)
    .text                                    0x01005f4c   Section        0  uwrite4.o(.text)
    .text                                    0x01005f5e   Section        0  uldiv.o(.text)
    .text                                    0x01005fbe   Section        0  iusefp.o(.text)
    .text                                    0x01005fc0   Section        0  dadd.o(.text)
    .text                                    0x01006124   Section        0  dmul.o(.text)
    .text                                    0x010061f4   Section        0  ddiv.o(.text)
    .text                                    0x010062e4   Section        0  dfixul.o(.text)
    .text                                    0x01006324   Section       40  cdrcmple.o(.text)
    .text                                    0x0100634c   Section       36  init.o(.text)
    .text                                    0x01006370   Section        0  llshl.o(.text)
    .text                                    0x01006390   Section        0  llushr.o(.text)
    .text                                    0x010063b2   Section        0  llsshr.o(.text)
    .text                                    0x010063d8   Section        0  depilogue.o(.text)
    i.__0printf                              0x010064a4   Section        0  printfa.o(i.__0printf)
    i.__0vsnprintf                           0x010064c4   Section        0  printfa.o(i.__0vsnprintf)
    i.__ARM_clz                              0x010064f0   Section        0  depilogue.o(i.__ARM_clz)
    i.__ARM_common_switch8                   0x0100651e   Section        0  yc_gpio.o(i.__ARM_common_switch8)
    i.__scatterload_copy                     0x0100653a   Section       14  handlers.o(i.__scatterload_copy)
    i.__scatterload_null                     0x01006548   Section        2  handlers.o(i.__scatterload_null)
    i.__scatterload_zeroinit                 0x0100654a   Section       14  handlers.o(i.__scatterload_zeroinit)
    i._fp_digits                             0x01006558   Section        0  printfa.o(i._fp_digits)
    _fp_digits                               0x01006559   Thumb Code   344  printfa.o(i._fp_digits)
    i._printf_core                           0x010066cc   Section        0  printfa.o(i._printf_core)
    _printf_core                             0x010066cd   Thumb Code  1754  printfa.o(i._printf_core)
    i._printf_post_padding                   0x01006db8   Section        0  printfa.o(i._printf_post_padding)
    _printf_post_padding                     0x01006db9   Thumb Code    32  printfa.o(i._printf_post_padding)
    i._printf_pre_padding                    0x01006dd8   Section        0  printfa.o(i._printf_pre_padding)
    _printf_pre_padding                      0x01006dd9   Thumb Code    44  printfa.o(i._printf_pre_padding)
    i._snputc                                0x01006e04   Section        0  printfa.o(i._snputc)
    _snputc                                  0x01006e05   Thumb Code    22  printfa.o(i._snputc)
    i.end_qspi                               0x01006e1c   Section        0  yc_qspi.o(i.end_qspi)
    __tagsym$$noinline                       0x01006e1d   Number         0  yc_qspi.o(i.end_qspi)
    i.pre_qspi                               0x01006e3c   Section        0  yc_qspi.o(i.pre_qspi)
    __tagsym$$noinline                       0x01006e3d   Number         0  yc_qspi.o(i.pre_qspi)
    i.prefetch                               0x01006e80   Section        0  yc_qspi.o(i.prefetch)
    i.qspi_flash_read                        0x01006e88   Section        0  yc_qspi.o(i.qspi_flash_read)
    i.setqspi                                0x01006ec0   Section        0  yc_qspi.o(i.setqspi)
    __tagsym$$noinline                       0x01006ec1   Number         0  yc_qspi.o(i.setqspi)
    .constdata                               0x01006eec   Section        8  system.o(.constdata)
    g_pcHex1                                 0x01006eec   Data           4  system.o(.constdata)
    g_pcHex2                                 0x01006ef0   Data           4  system.o(.constdata)
    .constdata                               0x01006ef4   Section      174  yc_gpio.o(.constdata)
    __FUNCTION__                             0x01006ef4   Data          12  yc_gpio.o(.constdata)
    __FUNCTION__                             0x01006f00   Data          10  yc_gpio.o(.constdata)
    __FUNCTION__                             0x01006f0a   Data          15  yc_gpio.o(.constdata)
    __FUNCTION__                             0x01006f19   Data          19  yc_gpio.o(.constdata)
    __FUNCTION__                             0x01006f2c   Data          22  yc_gpio.o(.constdata)
    __FUNCTION__                             0x01006f42   Data          20  yc_gpio.o(.constdata)
    __FUNCTION__                             0x01006f56   Data          23  yc_gpio.o(.constdata)
    __FUNCTION__                             0x01006f6d   Data          15  yc_gpio.o(.constdata)
    __FUNCTION__                             0x01006f7c   Data          13  yc_gpio.o(.constdata)
    __FUNCTION__                             0x01006f89   Data          11  yc_gpio.o(.constdata)
    __FUNCTION__                             0x01006f94   Data          14  yc_gpio.o(.constdata)
    .constdata                               0x01006fa2   Section       39  yc_exti.o(.constdata)
    __FUNCTION__                             0x01006fa2   Data          23  yc_exti.o(.constdata)
    __FUNCTION__                             0x01006fb9   Data          16  yc_exti.o(.constdata)
    .constdata                               0x01006fc9   Section      208  yc_uart.o(.constdata)
    __FUNCTION__                             0x01006fc9   Data          21  yc_uart.o(.constdata)
    __FUNCTION__                             0x01006fde   Data          12  yc_uart.o(.constdata)
    __FUNCTION__                             0x01006fea   Data          16  yc_uart.o(.constdata)
    __FUNCTION__                             0x01006ffa   Data          10  yc_uart.o(.constdata)
    __FUNCTION__                             0x01007004   Data          18  yc_uart.o(.constdata)
    __FUNCTION__                             0x01007016   Data          22  yc_uart.o(.constdata)
    __FUNCTION__                             0x0100702c   Data          16  yc_uart.o(.constdata)
    __FUNCTION__                             0x0100703c   Data          14  yc_uart.o(.constdata)
    __FUNCTION__                             0x0100704a   Data          17  yc_uart.o(.constdata)
    __FUNCTION__                             0x0100705b   Data          13  yc_uart.o(.constdata)
    __FUNCTION__                             0x01007068   Data          13  yc_uart.o(.constdata)
    __FUNCTION__                             0x01007075   Data          16  yc_uart.o(.constdata)
    __FUNCTION__                             0x01007085   Data          20  yc_uart.o(.constdata)
    .constdata                               0x01007099   Section       49  yc_systick.o(.constdata)
    __FUNCTION__                             0x01007099   Data          17  yc_systick.o(.constdata)
    __FUNCTION__                             0x010070aa   Data          17  yc_systick.o(.constdata)
    __FUNCTION__                             0x010070bb   Data          15  yc_systick.o(.constdata)
    .constdata                               0x010070ca   Section        9  yc_adc.o(.constdata)
    __FUNCTION__                             0x010070ca   Data           9  yc_adc.o(.constdata)
    .constdata                               0x010070d3   Section       64  yc_sysctrl.o(.constdata)
    __FUNCTION__                             0x010070d3   Data          26  yc_sysctrl.o(.constdata)
    __FUNCTION__                             0x010070ed   Data          19  yc_sysctrl.o(.constdata)
    __FUNCTION__                             0x01007100   Data          19  yc_sysctrl.o(.constdata)
    .constdata                               0x01007113   Section       95  yc_timer.o(.constdata)
    __FUNCTION__                             0x01007113   Data           9  yc_timer.o(.constdata)
    __FUNCTION__                             0x0100711c   Data           8  yc_timer.o(.constdata)
    __FUNCTION__                             0x01007124   Data          15  yc_timer.o(.constdata)
    __FUNCTION__                             0x01007133   Data          14  yc_timer.o(.constdata)
    __FUNCTION__                             0x01007141   Data          12  yc_timer.o(.constdata)
    __FUNCTION__                             0x0100714d   Data          17  yc_timer.o(.constdata)
    __FUNCTION__                             0x0100715e   Data          20  yc_timer.o(.constdata)
    .constdata                               0x01007172   Section        9  yc_spi.o(.constdata)
    __FUNCTION__                             0x01007172   Data           9  yc_spi.o(.constdata)
    .constdata                               0x0100717b   Section     2600  bt_code.o(.constdata)
    .constdata                               0x01007ba4   Section       15  hal_bt.o(.constdata)
    .constdata                               0x01007bb3   Section      256  middle_print_list.o(.constdata)
    .constdata                               0x01007cb4   Section       38  middle_print.o(.constdata)
    .conststring                             0x01007cdc   Section       37  system.o(.conststring)

    Global Symbols

    Symbol Name                              Value     Ov Type        Size  Object(Section)

    BuildAttributes$$THM_ISAv3M$S$PE$A:L22$X:L11$S22$IEEE1$IW$USESV6$~STKCKD$USESV7$~SHL$OSPACE$ROPI$EBA8$MICROLIB$REQ8$PRES8$EABIv2 0x00000000   Number         0  anon$$obj.o ABSOLUTE
    __ARM_use_no_argv                        0x00000000   Number         0  main.o ABSOLUTE
    __Vectors                                0x00000000   Data           4  startup.o(RESET)
    __cpp_initialize__aeabi_                  - Undefined Weak Reference
    __cxa_finalize                            - Undefined Weak Reference
    __decompress                              - Undefined Weak Reference
    _clock_init                               - Undefined Weak Reference
    _microlib_exit                            - Undefined Weak Reference
    __Vectors_End                            0x000000c0   Data           0  startup.o(RESET)
    __Vectors_Size                           0x000000c0   Number         0  startup.o ABSOLUTE
    reset_handler                            0x000000c1   Thumb Code     6  startup.o(.text)
    delay                                    0x000000c7   Thumb Code     8  startup.o(.text)
    nmi_handler                              0x000000cf   Thumb Code     2  startup.o(.text)
    SystickCount                             0x00020018   Data           4  yc_systick.o(.data)
    IpcRx                                    0x0002001c   Data           4  yc_ipc.o(.data)
    IpcTx                                    0x00020020   Data           4  yc_ipc.o(.data)
    ipc_inited                               0x00020024   Data           1  yc_ipc.o(.data)
    hci_bt                                   0x00020040   Data           7  yc_bt.o(.data)
    ble_service_uuid_lsps                    0x0002005c   Data          17  hal_bt.o(.data)
    ble_Characteristic_uuid_lsps_tx          0x0002006d   Data          20  hal_bt.o(.data)
    ble_Characteristic_uuid_lsps_rx          0x00020081   Data          20  hal_bt.o(.data)
    ble_Characteristic_uuid_flow_ctrl        0x00020095   Data          20  hal_bt.o(.data)
    ble_send_handle                          0x000200aa   Data           2  hal_bt.o(.data)
    bt_cod                                   0x000200ac   Data           3  hal_bt.o(.data)
    __stdout                                 0x000200c8   Data           4  stdout.o(.data)
    uart0_DMA_buf                            0x000200cc   Data        1024  yc_uart.o(.bss)
    uart1_DMA_buf                            0x000204cc   Data        1024  yc_uart.o(.bss)
    ipcrecbuf                                0x000208cc   Data         256  yc_ipc.o(.bss)
    rcvbuf                                   0x000209cc   Data        2048  yc_bt.o(.bss)
    NvramData                                0x000211e0   Data         170  hal_bt.o(.bss)
    __initial_sp                             0x00030000   Number         0  startup.o ABSOLUTE
    Reset_Handler                            0x01000201   Thumb Code     4  flash_start.o(.flash_start)
    hard_fault_handler                       0x01000205   Thumb Code     6  flash_start.o(.flash_start)
    svc_handler                              0x0100020b   Thumb Code     6  flash_start.o(.flash_start)
    pendsv_handler                           0x01000211   Thumb Code     6  flash_start.o(.flash_start)
    systick                                  0x01000217   Thumb Code     6  flash_start.o(.flash_start)
    irq0                                     0x0100021d   Thumb Code     4  flash_start.o(.flash_start)
    irq1                                     0x01000221   Thumb Code     4  flash_start.o(.flash_start)
    irq2                                     0x01000225   Thumb Code     4  flash_start.o(.flash_start)
    irq3                                     0x01000229   Thumb Code     4  flash_start.o(.flash_start)
    irq4                                     0x0100022d   Thumb Code     4  flash_start.o(.flash_start)
    irq5                                     0x01000231   Thumb Code     4  flash_start.o(.flash_start)
    irq6                                     0x01000235   Thumb Code     4  flash_start.o(.flash_start)
    irq7                                     0x01000239   Thumb Code     4  flash_start.o(.flash_start)
    irq8                                     0x0100023d   Thumb Code     4  flash_start.o(.flash_start)
    irq9                                     0x01000241   Thumb Code     4  flash_start.o(.flash_start)
    irq10                                    0x01000245   Thumb Code     4  flash_start.o(.flash_start)
    irq11                                    0x01000249   Thumb Code     4  flash_start.o(.flash_start)
    irq12                                    0x0100024d   Thumb Code     4  flash_start.o(.flash_start)
    irq13                                    0x01000251   Thumb Code     4  flash_start.o(.flash_start)
    irq14                                    0x01000255   Thumb Code     4  flash_start.o(.flash_start)
    irq15                                    0x01000259   Thumb Code     4  flash_start.o(.flash_start)
    irq16                                    0x0100025d   Thumb Code     4  flash_start.o(.flash_start)
    irq17                                    0x01000261   Thumb Code     4  flash_start.o(.flash_start)
    irq18                                    0x01000265   Thumb Code     4  flash_start.o(.flash_start)
    irq19                                    0x01000269   Thumb Code     4  flash_start.o(.flash_start)
    irq20                                    0x0100026d   Thumb Code     4  flash_start.o(.flash_start)
    irq21                                    0x01000271   Thumb Code     4  flash_start.o(.flash_start)
    irq22                                    0x01000275   Thumb Code     4  flash_start.o(.flash_start)
    irq23                                    0x01000279   Thumb Code     4  flash_start.o(.flash_start)
    irq24                                    0x0100027d   Thumb Code     4  flash_start.o(.flash_start)
    irq25                                    0x01000281   Thumb Code     4  flash_start.o(.flash_start)
    irq26                                    0x01000285   Thumb Code     4  flash_start.o(.flash_start)
    irq27                                    0x01000289   Thumb Code     4  flash_start.o(.flash_start)
    irq28                                    0x0100028d   Thumb Code     4  flash_start.o(.flash_start)
    irq29                                    0x01000291   Thumb Code     4  flash_start.o(.flash_start)
    irq30                                    0x01000295   Thumb Code     4  flash_start.o(.flash_start)
    irq31                                    0x01000299   Thumb Code     4  flash_start.o(.flash_start)
    NMI_IRQHandler                           0x010002ad   Thumb Code     2  flash_start.o(.flash_start)
    HARD_FAULT_IRQHandler                    0x010002af   Thumb Code     2  flash_start.o(.flash_start)
    SVC_IRQHandler                           0x010002b1   Thumb Code     2  flash_start.o(.flash_start)
    PENDSV_IRQHandler                        0x010002b3   Thumb Code     2  flash_start.o(.flash_start)
    EXTI0_IRQHandler                         0x010002b7   Thumb Code     2  flash_start.o(.flash_start)
    EXTI1_IRQHandler                         0x010002b9   Thumb Code     2  flash_start.o(.flash_start)
    EXTI2_IRQHandler                         0x010002bb   Thumb Code     2  flash_start.o(.flash_start)
    EXTI3_IRQHandler                         0x010002bd   Thumb Code     2  flash_start.o(.flash_start)
    EXTI4_IRQHandler                         0x010002bf   Thumb Code     2  flash_start.o(.flash_start)
    EXTI5_IRQHandler                         0x010002c1   Thumb Code     2  flash_start.o(.flash_start)
    IIC_IRQHandler                           0x010002c3   Thumb Code     0  flash_start.o(.flash_start)
    MEMCP_IRQHandler                         0x010002c3   Thumb Code     0  flash_start.o(.flash_start)
    MSR_IRQHandler                           0x010002c3   Thumb Code     0  flash_start.o(.flash_start)
    QSPI_IRQHandler                          0x010002c3   Thumb Code     0  flash_start.o(.flash_start)
    RSA_IRQHandler                           0x010002c3   Thumb Code     0  flash_start.o(.flash_start)
    SCI0_IRQHandler                          0x010002c3   Thumb Code     0  flash_start.o(.flash_start)
    SCI1_IRQHandler                          0x010002c3   Thumb Code     0  flash_start.o(.flash_start)
    SEC_IRQHandler                           0x010002c3   Thumb Code     0  flash_start.o(.flash_start)
    SM4_IRQHandler                           0x010002c3   Thumb Code     0  flash_start.o(.flash_start)
    SPI0_IRQHandler                          0x010002c3   Thumb Code     0  flash_start.o(.flash_start)
    SPI1_IRQHandler                          0x010002c3   Thumb Code     0  flash_start.o(.flash_start)
    TIMER0_IRQHandler                        0x010002c3   Thumb Code     0  flash_start.o(.flash_start)
    TIMER1_IRQHandler                        0x010002c3   Thumb Code     0  flash_start.o(.flash_start)
    TIMER2_IRQHandler                        0x010002c3   Thumb Code     0  flash_start.o(.flash_start)
    TIMER3_IRQHandler                        0x010002c3   Thumb Code     0  flash_start.o(.flash_start)
    TIMER7_IRQHandler                        0x010002c3   Thumb Code     0  flash_start.o(.flash_start)
    TIMER8_IRQHandler                        0x010002c3   Thumb Code     0  flash_start.o(.flash_start)
    TRNG_IRQHandler                          0x010002c3   Thumb Code     0  flash_start.o(.flash_start)
    UART0_IRQHandler                         0x010002c3   Thumb Code     0  flash_start.o(.flash_start)
    UART1_IRQHandler                         0x010002c3   Thumb Code     0  flash_start.o(.flash_start)
    USB_IRQHandler                           0x010002c3   Thumb Code     0  flash_start.o(.flash_start)
    WDT_IRQHandler                           0x010002c3   Thumb Code     0  flash_start.o(.flash_start)
    isr_table                                0x010002c4   Data           4  flash_start.o(.flash_start)
    __main                                   0x01000401   Thumb Code     0  entry.o(.ARM.Collect$$$$00000000)
    _main_stk                                0x01000401   Thumb Code     0  entry2.o(.ARM.Collect$$$$00000001)
    _main_scatterload                        0x01000405   Thumb Code     0  entry5.o(.ARM.Collect$$$$00000004)
    __main_after_scatterload                 0x01000409   Thumb Code     0  entry5.o(.ARM.Collect$$$$00000004)
    _main_clock                              0x01000409   Thumb Code     0  entry7b.o(.ARM.Collect$$$$00000008)
    _main_cpp_init                           0x01000409   Thumb Code     0  entry8b.o(.ARM.Collect$$$$0000000A)
    _main_init                               0x01000409   Thumb Code     0  entry9a.o(.ARM.Collect$$$$0000000B)
    __rt_final_cpp                           0x01000411   Thumb Code     0  entry10a.o(.ARM.Collect$$$$0000000D)
    __rt_final_exit                          0x01000411   Thumb Code     0  entry11a.o(.ARM.Collect$$$$0000000F)
    NVIC_SetPriority                         0x01000415   Thumb Code   114  misc.o(.text)
    trigger_PendSV                           0x01000487   Thumb Code    20  misc.o(.text)
    NVIC_EnableIRQ                           0x0100049b   Thumb Code    20  misc.o(.text)
    NVIC_DisableIRQ                          0x010004af   Thumb Code    16  misc.o(.text)
    soft_reset                               0x010004bf   Thumb Code    20  misc.o(.text)
    get_primask                              0x010004d3   Thumb Code     8  misc.o(.text)
    get_msp                                  0x010004db   Thumb Code     8  misc.o(.text)
    set_msp                                  0x010004e3   Thumb Code     6  misc.o(.text)
    printfsend                               0x010004f5   Thumb Code    40  system.o(.text)
    MyPrintf                                 0x0100051d   Thumb Code   692  system.o(.text)
    printv                                   0x010007d1   Thumb Code    56  system.o(.text)
    _assert_handler                          0x01000809   Thumb Code     4  system.o(.text)
    GPIO_Config                              0x01000839   Thumb Code   144  yc_gpio.o(.text)
    GPIO_Init                                0x010008c9   Thumb Code   276  yc_gpio.o(.text)
    GPIO_PullUpCmd                           0x010009dd   Thumb Code   186  yc_gpio.o(.text)
    GPIO_ReadInputData                       0x01000a97   Thumb Code    28  yc_gpio.o(.text)
    GPIO_ReadInputDataBit                    0x01000ab3   Thumb Code   134  yc_gpio.o(.text)
    GPIO_ReadOutputData                      0x01000b39   Thumb Code    28  yc_gpio.o(.text)
    GPIO_ReadOutputDataBit                   0x01000b55   Thumb Code   134  yc_gpio.o(.text)
    GPIO_ResetBits                           0x01000bdb   Thumb Code   234  yc_gpio.o(.text)
    GPIO_SetBits                             0x01000cc5   Thumb Code   154  yc_gpio.o(.text)
    GPIO_StructInit                          0x01000d5f   Thumb Code    12  yc_gpio.o(.text)
    GPIO_Write                               0x01000d6b   Thumb Code    70  yc_gpio.o(.text)
    GPIO_WriteBit                            0x01000db1   Thumb Code   142  yc_gpio.o(.text)
    EXTI_ClearITPendingBit                   0x01000e59   Thumb Code   104  yc_exti.o(.text)
    EXTI_DeInit                              0x01000ec1   Thumb Code    68  yc_exti.o(.text)
    EXTI_GetITLineStatus                     0x01000f05   Thumb Code    10  yc_exti.o(.text)
    EXTI_LineConfig                          0x01000f0f   Thumb Code   428  yc_exti.o(.text)
    GPIO_IRQHandler                          0x010010bb   Thumb Code   288  yc_exti.o(.text)
    UART_AutoFlowCtrlCmd                     0x01001225   Thumb Code   110  yc_uart.o(.text)
    UART_ITConfig                            0x01001293   Thumb Code   194  yc_uart.o(.text)
    UART_GetITIdentity                       0x01001355   Thumb Code   114  yc_uart.o(.text)
    UART_ClearIT                             0x010013c7   Thumb Code    24  yc_uart.o(.text)
    UART_DeInit                              0x010013df   Thumb Code    52  yc_uart.o(.text)
    UART_DMASendBuf                          0x01001413   Thumb Code   106  yc_uart.o(.text)
    UART_Init                                0x0100147d   Thumb Code   302  yc_uart.o(.text)
    UART_IsRXFIFOFull                        0x010015ab   Thumb Code    46  yc_uart.o(.text)
    UART_IsRXFIFONotEmpty                    0x010015d9   Thumb Code   158  yc_uart.o(.text)
    UART_IsUARTBusy                          0x01001677   Thumb Code    54  yc_uart.o(.text)
    UART_ReceiveData                         0x010016ad   Thumb Code    44  yc_uart.o(.text)
    UART_RecvBuf                             0x010016d9   Thumb Code   114  yc_uart.o(.text)
    UART_SendBuf                             0x0100174b   Thumb Code   138  yc_uart.o(.text)
    UART_SendData                            0x010017d5   Thumb Code    92  yc_uart.o(.text)
    UART_SetITTimeout                        0x01001831   Thumb Code    16  yc_uart.o(.text)
    UART_SetRxITNum                          0x01001841   Thumb Code    74  yc_uart.o(.text)
    UART_StructInit                          0x0100188b   Thumb Code    20  yc_uart.o(.text)
    UART_ReceiveDataLen                      0x0100189f   Thumb Code    44  yc_uart.o(.text)
    SysTick_Delay_Ms                         0x01001971   Thumb Code    56  yc_systick.o(.text)
    SysTick_Delay_Us                         0x010019a9   Thumb Code   120  yc_systick.o(.text)
    SysTick_Config                           0x01001a21   Thumb Code    60  yc_systick.o(.text)
    SysTick_disable                          0x01001a5d   Thumb Code    28  yc_systick.o(.text)
    SysTick_GetTick                          0x01001a79   Thumb Code     6  yc_systick.o(.text)
    SysTick_IsTimeOut                        0x01001a7f   Thumb Code    74  yc_systick.o(.text)
    SysTick_GetRelativeTime                  0x01001ac9   Thumb Code    62  yc_systick.o(.text)
    ADC_Init                                 0x01001b61   Thumb Code   132  yc_adc.o(.text)
    ADC_GetResult                            0x01001be5   Thumb Code    50  yc_adc.o(.text)
    ADC_Filt                                 0x01001c17   Thumb Code   210  yc_adc.o(.text)
    ADC_GetVoltage                           0x01001d23   Thumb Code   420  yc_adc.o(.text)
    SYSCTRL_AHBPeriphClockCmd                0x01001f15   Thumb Code    52  yc_sysctrl.o(.text)
    SYSCTRL_EnterSleep                       0x01001f49   Thumb Code    26  yc_sysctrl.o(.text)
    HCLKConfig_Div_None                      0x01001f63   Thumb Code    30  yc_sysctrl.o(.text)
    SYSCTRL_HCLKConfig                       0x01001f81   Thumb Code    74  yc_sysctrl.o(.text)
    SYSCTRL_GetClocksFreq                    0x01001fcb   Thumb Code    24  yc_sysctrl.o(.text)
    SYSCTRL_EnableDpllClk                    0x01001fe3   Thumb Code    66  yc_sysctrl.o(.text)
    delay_us                                 0x01002085   Thumb Code    12  yc_timer.o(.text)
    delay_ms                                 0x01002091   Thumb Code    14  yc_timer.o(.text)
    TIM_Cmd                                  0x0100209f   Thumb Code    96  yc_timer.o(.text)
    TIM_Init                                 0x010020ff   Thumb Code    82  yc_timer.o(.text)
    TIM_DeInit                               0x01002151   Thumb Code    20  yc_timer.o(.text)
    TIM_ModeConfig                           0x01002165   Thumb Code   114  yc_timer.o(.text)
    TIM_SetPeriod                            0x010021d7   Thumb Code    32  yc_timer.o(.text)
    TIM_PWMInit                              0x010021f7   Thumb Code   176  yc_timer.o(.text)
    TIM_SetPWMPeriod                         0x010022a7   Thumb Code    40  yc_timer.o(.text)
    TIM_PWMDifferential                      0x010022cf   Thumb Code   170  yc_timer.o(.text)
    SPI_Init                                 0x010023c9   Thumb Code   202  yc_spi.o(.text)
    SPI_SendData                             0x01002493   Thumb Code    52  yc_spi.o(.text)
    SPI_SendBuff                             0x010024c7   Thumb Code    56  yc_spi.o(.text)
    SPI_SendAndReceiveData                   0x010024ff   Thumb Code    66  yc_spi.o(.text)
    deinit_otp                               0x01002579   Thumb Code     8  yc_otp.o(.text)
    init_otp                                 0x01002581   Thumb Code    10  yc_otp.o(.text)
    read_chip_life                           0x0100258b   Thumb Code    22  yc_otp.o(.text)
    read_chipid                              0x010025a1   Thumb Code    22  yc_otp.o(.text)
    read_otp                                 0x010025b7   Thumb Code    32  yc_otp.o(.text)
    write_otp                                0x010025d7   Thumb Code    28  yc_otp.o(.text)
    IPC_have_data                            0x010025fd   Thumb Code    56  yc_ipc.o(.text)
    IPC_get_available_size                   0x01002635   Thumb Code   108  yc_ipc.o(.text)
    IPC_TxData                               0x010026a1   Thumb Code   186  yc_ipc.o(.text)
    IPC_PutBtData                            0x0100275b   Thumb Code   184  yc_ipc.o(.text)
    IPC_ReadBtData                           0x01002813   Thumb Code   368  yc_ipc.o(.text)
    IPC_GetBtData                            0x01002983   Thumb Code   198  yc_ipc.o(.text)
    _dma_wait                                0x01002a71   Thumb Code    20  yc_ipc.o(.text)
    _dmacopy                                 0x01002a85   Thumb Code    30  yc_ipc.o(.text)
    _download_btcode                         0x01002aa3   Thumb Code   182  yc_ipc.o(.text)
    erase_memory                             0x01002b59   Thumb Code    34  yc_ipc.o(.text)
    IpcInit                                  0x01002b7b   Thumb Code   112  yc_ipc.o(.text)
    PrintHCIPack                             0x01002beb   Thumb Code   116  yc_ipc.o(.text)
    Power_Keyscan                            0x01002cdd   Thumb Code    20  yc_power.o(.text)
    Power_off                                0x01002cf1   Thumb Code    50  yc_power.o(.text)
    BT_BIT_SET                               0x01002d29   Thumb Code    34  yc_bt.o(.text)
    BT_BIT_CLEAR                             0x01002d4b   Thumb Code    34  yc_bt.o(.text)
    BT_BIT_GET                               0x01002d6d   Thumb Code    46  yc_bt.o(.text)
    BNEP_DomainConvert                       0x01002e19   Thumb Code   112  yc_bt.o(.text)
    BT_Init                                  0x01002e89   Thumb Code    88  yc_bt.o(.text)
    BT_SetBtAddr                             0x01002f37   Thumb Code    82  yc_bt.o(.text)
    BT_SetBleAddr                            0x01002f89   Thumb Code    82  yc_bt.o(.text)
    BT_SetVisibility                         0x01002fdb   Thumb Code   130  yc_bt.o(.text)
    BT_SetBtName                             0x0100305d   Thumb Code    82  yc_bt.o(.text)
    BT_SetBleName                            0x010030af   Thumb Code    82  yc_bt.o(.text)
    BT_SendSppData                           0x01003101   Thumb Code    94  yc_bt.o(.text)
    BT_SendBleData                           0x0100315f   Thumb Code   128  yc_bt.o(.text)
    Bt_GetBtStatus                           0x010031df   Thumb Code    82  yc_bt.o(.text)
    BT_SetParingMode                         0x01003231   Thumb Code    84  yc_bt.o(.text)
    BT_SetPincode                            0x01003285   Thumb Code    82  yc_bt.o(.text)
    BT_BtDisconnect                          0x010032d7   Thumb Code    80  yc_bt.o(.text)
    BT_GetVersion                            0x01003327   Thumb Code    96  yc_bt.o(.text)
    BT_BleDisconnect                         0x01003387   Thumb Code    80  yc_bt.o(.text)
    BT_SetNVRAM                              0x010033d7   Thumb Code    82  yc_bt.o(.text)
    BT_EnterSleepMode                        0x01003429   Thumb Code    30  yc_bt.o(.text)
    BT_ConfirmGkey                           0x01003447   Thumb Code    82  yc_bt.o(.text)
    BT_SetSppFlowcontrol                     0x01003499   Thumb Code    40  yc_bt.o(.text)
    BT_PasskeyEntry                          0x010034c1   Thumb Code    82  yc_bt.o(.text)
    BT_SetLEParing                           0x01003513   Thumb Code    82  yc_bt.o(.text)
    BT_SetLEAdvData                          0x01003565   Thumb Code    96  yc_bt.o(.text)
    BT_SetLEScanData                         0x010035c5   Thumb Code    82  yc_bt.o(.text)
    BT_SetLESendConnUpdate                   0x01003617   Thumb Code    90  yc_bt.o(.text)
    BT_SetLEAdvParm                          0x01003671   Thumb Code    90  yc_bt.o(.text)
    BT_RejectJustWork                        0x010036cb   Thumb Code    84  yc_bt.o(.text)
    BT_SetTxPower                            0x0100371f   Thumb Code    84  yc_bt.o(.text)
    BT_Set_FixedPasskey                      0x01003773   Thumb Code    82  yc_bt.o(.text)
    BT_SetCOD                                0x010037c5   Thumb Code    82  yc_bt.o(.text)
    BT_DeleteService                         0x01003817   Thumb Code    80  yc_bt.o(.text)
    BT_AddBleService                         0x01003867   Thumb Code    92  yc_bt.o(.text)
    BT_AddBleCharacteristic                  0x010038c3   Thumb Code    92  yc_bt.o(.text)
    BT_DnsReq                                0x0100391f   Thumb Code   112  yc_bt.o(.text)
    BT_ConnectBnep                           0x0100398f   Thumb Code    96  yc_bt.o(.text)
    BT_disconnectBnep                        0x010039ef   Thumb Code     8  yc_bt.o(.text)
    BT_ConnectTcp                            0x010039f7   Thumb Code    82  yc_bt.o(.text)
    BT_BnepSendTcpData                       0x01003a49   Thumb Code    92  yc_bt.o(.text)
    BT_BnepSendTcpBigData                    0x01003aa5   Thumb Code   312  yc_bt.o(.text)
    BT_BnepSendUdpData                       0x01003bdd   Thumb Code    94  yc_bt.o(.text)
    BT_DisconnectTcp                         0x01003c3b   Thumb Code    82  yc_bt.o(.text)
    BT_ParseBTData                           0x01003c8d   Thumb Code  1544  yc_bt.o(.text)
    BT_GetEventOpcode                        0x01004295   Thumb Code    94  yc_bt.o(.text)
    BT_ReadBTData                            0x010042f3   Thumb Code    76  yc_bt.o(.text)
    lpm_read                                 0x0100435d   Thumb Code    12  yc_lpm.o(.text)
    lpm_write                                0x01004369   Thumb Code    18  yc_lpm.o(.text)
    lpm_bt_write                             0x0100437b   Thumb Code    94  yc_lpm.o(.text)
    lpm_bt_read                              0x010043d9   Thumb Code    34  yc_lpm.o(.text)
    lpm_sleep                                0x010043fb   Thumb Code    10  yc_lpm.o(.text)
    setlpmval                                0x01004405   Thumb Code    26  yc_lpm.o(.text)
    readlpmval                               0x0100441f   Thumb Code    44  yc_lpm.o(.text)
    GPIO_Unused_Pd                           0x0100444b   Thumb Code    58  yc_lpm.o(.text)
    BT_Hibernate                             0x010044c9   Thumb Code    94  yc_lpm.o(.text)
    Chip_Speedstep                           0x01004527   Thumb Code    10  yc_lpm.o(.text)
    CM0_Sleep                                0x01004531   Thumb Code   250  yc_lpm.o(.text)
    enable_gpio_32                           0x0100462b   Thumb Code    30  yc_lpm.o(.text)
    hal_log_printf                           0x01004671   Thumb Code    60  hal_log.o(.text)
    fputc                                    0x010046ad   Thumb Code    18  hal_log.o(.text)
    hal_log_init                             0x010046bf   Thumb Code    82  hal_log.o(.text)
    hal_print_send_data                      0x01004711   Thumb Code    42  hal_print.o(.text)
    hal_print_heat_time                      0x0100473b   Thumb Code    36  hal_print.o(.text)
    hal_print_stop                           0x0100475f   Thumb Code    22  hal_print.o(.text)
    hal_print_motor_speed_time               0x01004775   Thumb Code    36  hal_print.o(.text)
    hal_print_motor_stop                     0x01004799   Thumb Code    64  hal_print.o(.text)
    hal_print_temprature                     0x010047d9   Thumb Code     4  hal_print.o(.text)
    hal_print_init                           0x01004975   Thumb Code    18  hal_print.o(.text)
    TIMER4_IRQHandler                        0x01004987   Thumb Code     8  hal_print.o(.text)
    TIMER5_IRQHandler                        0x0100498f   Thumb Code     8  hal_print.o(.text)
    hal_systick_time                         0x010049a1   Thumb Code     6  hal_systick.o(.text)
    hal_systick_delay                        0x010049a7   Thumb Code    26  hal_systick.o(.text)
    hal_systick_init                         0x010049c1   Thumb Code    12  hal_systick.o(.text)
    SYSTICK_IRQHandler                       0x010049cd   Thumb Code    12  hal_systick.o(.text)
    hal_adc_init                             0x010049e1   Thumb Code    32  hal_adc.o(.text)
    hal_time_period_execute_register         0x01004a01   Thumb Code    10  hal_time.o(.text)
    hal_time_init                            0x01004a0b   Thumb Code    52  hal_time.o(.text)
    TIMER6_IRQHandler                        0x01004a3f   Thumb Code    18  hal_time.o(.text)
    hal_button_progress                      0x01004a59   Thumb Code    66  hal_button.o(.text)
    hal_button_value                         0x01004a9b   Thumb Code    12  hal_button.o(.text)
    hal_button_init                          0x01004aa7   Thumb Code     4  hal_button.o(.text)
    hal_led_init                             0x01004ab5   Thumb Code    32  hal_led.o(.text)
    hal_init                                 0x01004ad5   Thumb Code    50  hal_init.o(.text)
    hal_bt_init                              0x01004b49   Thumb Code  1702  hal_bt.o(.text)
    BT_IRQHandler                            0x010051ef   Thumb Code    30  hal_bt.o(.text)
    middle_print_list_is_free                0x010054e1   Thumb Code    42  middle_print_list.o(.text)
    middle_print_list_is_empty               0x0100550b   Thumb Code    20  middle_print_list.o(.text)
    middle_print_list_put                    0x0100551f   Thumb Code   168  middle_print_list.o(.text)
    middle_print_list_get                    0x010055c7   Thumb Code    52  middle_print_list.o(.text)
    middle_print_list_destory                0x010055fb   Thumb Code    40  middle_print_list.o(.text)
    middle_print_list_init                   0x01005623   Thumb Code    16  middle_print_list.o(.text)
    middle_print_motor_spwm_handle           0x01005685   Thumb Code   464  middle_print.o(.text)
    middle_print_latch_to_heat_handle        0x01005897   Thumb Code    28  middle_print.o(.text)
    middle_print_heat_haddle                 0x010058d7   Thumb Code   214  middle_print.o(.text)
    middle_print_is_busy                     0x010059ad   Thumb Code    16  middle_print.o(.text)
    middle_print_progress                    0x01005a15   Thumb Code    54  middle_print.o(.text)
    middle_print_init                        0x01005a4b   Thumb Code    20  middle_print.o(.text)
    middle_mmu_init                          0x01005abd   Thumb Code    24  middle_mmu.o(.text)
    middle_mmu_alloc                         0x01005ad5   Thumb Code    98  middle_mmu.o(.text)
    middle_mmu_free                          0x01005b37   Thumb Code    60  middle_mmu.o(.text)
    middle_protocol_buff_freesize            0x01005b8d   Thumb Code    44  middle_protocol.o(.text)
    middle_protocol_buff_empty               0x01005bb9   Thumb Code    20  middle_protocol.o(.text)
    middle_protocol_buff_putch               0x01005bcd   Thumb Code    72  middle_protocol.o(.text)
    middle_protocol_buff_getch               0x01005c15   Thumb Code    88  middle_protocol.o(.text)
    middle_protocol_progress                 0x01005c6d   Thumb Code   114  middle_protocol.o(.text)
    middle_protocol_init                     0x01005cdf   Thumb Code    22  middle_protocol.o(.text)
    main                                     0x01005d0b   Thumb Code   130  main.o(.text)
    app_esc_cmd_parse                        0x01005de5   Thumb Code   102  app_esc.o(.text)
    __aeabi_uidiv                            0x01005e9d   Thumb Code     0  uidiv.o(.text)
    __aeabi_uidivmod                         0x01005e9d   Thumb Code    44  uidiv.o(.text)
    __aeabi_idiv                             0x01005ec9   Thumb Code     0  idiv.o(.text)
    __aeabi_idivmod                          0x01005ec9   Thumb Code    40  idiv.o(.text)
    __aeabi_memcpy                           0x01005ef1   Thumb Code    36  memcpya.o(.text)
    __aeabi_memcpy4                          0x01005ef1   Thumb Code     0  memcpya.o(.text)
    __aeabi_memcpy8                          0x01005ef1   Thumb Code     0  memcpya.o(.text)
    __aeabi_memset                           0x01005f15   Thumb Code    14  memseta.o(.text)
    __aeabi_memset4                          0x01005f15   Thumb Code     0  memseta.o(.text)
    __aeabi_memset8                          0x01005f15   Thumb Code     0  memseta.o(.text)
    __aeabi_memclr                           0x01005f23   Thumb Code     4  memseta.o(.text)
    __aeabi_memclr4                          0x01005f23   Thumb Code     0  memseta.o(.text)
    __aeabi_memclr8                          0x01005f23   Thumb Code     0  memseta.o(.text)
    _memset$wrapper                          0x01005f27   Thumb Code    18  memseta.o(.text)
    __aeabi_uread4                           0x01005f39   Thumb Code    20  uread4.o(.text)
    __rt_uread4                              0x01005f39   Thumb Code     0  uread4.o(.text)
    _uread4                                  0x01005f39   Thumb Code     0  uread4.o(.text)
    __aeabi_uwrite4                          0x01005f4d   Thumb Code    18  uwrite4.o(.text)
    __rt_uwrite4                             0x01005f4d   Thumb Code     0  uwrite4.o(.text)
    _uwrite4                                 0x01005f4d   Thumb Code     0  uwrite4.o(.text)
    __aeabi_uldivmod                         0x01005f5f   Thumb Code    96  uldiv.o(.text)
    __I$use$fp                               0x01005fbf   Thumb Code     0  iusefp.o(.text)
    __aeabi_dadd                             0x01005fc1   Thumb Code   328  dadd.o(.text)
    __aeabi_dsub                             0x01006109   Thumb Code    12  dadd.o(.text)
    __aeabi_drsub                            0x01006115   Thumb Code    12  dadd.o(.text)
    __aeabi_dmul                             0x01006125   Thumb Code   202  dmul.o(.text)
    __aeabi_ddiv                             0x010061f5   Thumb Code   234  ddiv.o(.text)
    __aeabi_d2ulz                            0x010062e5   Thumb Code    54  dfixul.o(.text)
    __aeabi_cdrcmple                         0x01006325   Thumb Code    38  cdrcmple.o(.text)
    __scatterload                            0x0100634d   Thumb Code    28  init.o(.text)
    __scatterload_rt2                        0x0100634d   Thumb Code     0  init.o(.text)
    __aeabi_llsl                             0x01006371   Thumb Code    32  llshl.o(.text)
    _ll_shift_l                              0x01006371   Thumb Code     0  llshl.o(.text)
    __aeabi_llsr                             0x01006391   Thumb Code    34  llushr.o(.text)
    _ll_ushift_r                             0x01006391   Thumb Code     0  llushr.o(.text)
    __aeabi_lasr                             0x010063b3   Thumb Code    38  llsshr.o(.text)
    _ll_sshift_r                             0x010063b3   Thumb Code     0  llsshr.o(.text)
    _double_round                            0x010063d9   Thumb Code    26  depilogue.o(.text)
    _double_epilogue                         0x010063f3   Thumb Code   164  depilogue.o(.text)
    Long Thumb to Thumb Veneer to delay      0x01006499   Thumb Code    12  anon$$obj.o(Veneer$$Code)
    __0printf                                0x010064a5   Thumb Code    24  printfa.o(i.__0printf)
    __1printf                                0x010064a5   Thumb Code     0  printfa.o(i.__0printf)
    __2printf                                0x010064a5   Thumb Code     0  printfa.o(i.__0printf)
    __c89printf                              0x010064a5   Thumb Code     0  printfa.o(i.__0printf)
    printf                                   0x010064a5   Thumb Code     0  printfa.o(i.__0printf)
    __0vsnprintf                             0x010064c5   Thumb Code    40  printfa.o(i.__0vsnprintf)
    __1vsnprintf                             0x010064c5   Thumb Code     0  printfa.o(i.__0vsnprintf)
    __2vsnprintf                             0x010064c5   Thumb Code     0  printfa.o(i.__0vsnprintf)
    __c89vsnprintf                           0x010064c5   Thumb Code     0  printfa.o(i.__0vsnprintf)
    vsnprintf                                0x010064c5   Thumb Code     0  printfa.o(i.__0vsnprintf)
    __ARM_clz                                0x010064f1   Thumb Code    46  depilogue.o(i.__ARM_clz)
    __ARM_common_switch8                     0x0100651f   Thumb Code    28  yc_gpio.o(i.__ARM_common_switch8)
    __scatterload_copy                       0x0100653b   Thumb Code    14  handlers.o(i.__scatterload_copy)
    __scatterload_null                       0x01006549   Thumb Code     2  handlers.o(i.__scatterload_null)
    __scatterload_zeroinit                   0x0100654b   Thumb Code    14  handlers.o(i.__scatterload_zeroinit)
    end_qspi                                 0x01006e1d   Thumb Code    28  yc_qspi.o(i.end_qspi)
    pre_qspi                                 0x01006e3d   Thumb Code    56  yc_qspi.o(i.pre_qspi)
    prefetch                                 0x01006e81   Thumb Code     4  yc_qspi.o(i.prefetch)
    qspi_flash_read                          0x01006e89   Thumb Code    50  yc_qspi.o(i.qspi_flash_read)
    setqspi                                  0x01006ec1   Thumb Code    36  yc_qspi.o(i.setqspi)
    bt_code                                  0x0100717b   Data        2600  bt_code.o(.constdata)
    print_dots_calculate_table               0x01007bb3   Data         256  middle_print_list.o(.constdata)
    motor_spwm_table                         0x01007cb4   Data          38  middle_print.o(.constdata)
    Region$$Table$$Base                      0x01007d04   Number         0  anon$$obj.o(Region$$Table)
    Region$$Table$$Limit                     0x01007d24   Number         0  anon$$obj.o(Region$$Table)



==============================================================================

Memory Map of the image

  Image Entry point : 0x01000401

  Load Region LR_IROM1 (Base: 0x00000000, Size: 0x000000d4, Max: 0x00001fff, ABSOLUTE)

    Execution Region ER_IROM1 (Exec base: 0x00000000, Load base: 0x00000000, Size: 0x000000d4, Max: 0x00001fff, ABSOLUTE)

    Exec Addr    Load Addr    Size         Type   Attr      Idx    E Section Name        Object

    0x00000000   0x00000000   0x000000c0   Data   RO            9    RESET               startup.o
    0x000000c0   0x000000c0   0x00000014   Code   RO           10    .text               startup.o



  Load Region LR_IROM3 (Base: 0x01000200, Size: 0x00000138, Max: 0x00000200, ABSOLUTE)

    Execution Region ER_IROM3 (Exec base: 0x01000200, Load base: 0x01000200, Size: 0x00000138, Max: 0xffffffff, ABSOLUTE)

    Exec Addr    Load Addr    Size         Type   Attr      Idx    E Section Name        Object

    0x01000200   0x01000200   0x00000138   Code   RO            1    .flash_start        flash_start.o



  Load Region LR_IROM4 (Base: 0x01000400, Size: 0x000079f0, Max: 0x0000fc00, ABSOLUTE)

    Execution Region RW_IRAM2 (Exec base: 0x00020000, Load base: 0x01007d24, Size: 0x000036b4, Max: 0x00010000, ABSOLUTE)

    Exec Addr    Load Addr    Size         Type   Attr      Idx    E Section Name        Object

    0x00020000   0x01007d24   0x00000018   Data   RW          109    .data               yc_exti.o
    0x00020018   0x01007d3c   0x00000004   Data   RW          143    .data               yc_systick.o
    0x0002001c   0x01007d40   0x00000009   Data   RW          245    .data               yc_ipc.o
    0x00020025   0x01007d49   0x00000003   PAD
    0x00020028   0x01007d4c   0x0000001f   Data   RW          282    .data               yc_bt.o
    0x00020047   0x01007d6b   0x00000001   PAD
    0x00020048   0x01007d6c   0x00000004   Data   RW          301    .data               yc_lpm.o
    0x0002004c   0x01007d70   0x00000004   Data   RW          404    .data               hal_systick.o
    0x00020050   0x01007d74   0x00000004   Data   RW          433    .data               hal_time.o
    0x00020054   0x01007d78   0x00000008   Data   RW          450    .data               hal_button.o
    0x0002005c   0x01007d80   0x00000063   Data   RW          502    .data               hal_bt.o
    0x000200bf   0x01007de3   0x00000001   PAD
    0x000200c0   0x01007de4   0x00000004   Data   RW          549    .data               middle_print.o
    0x000200c4   0x01007de8   0x00000002   Data   RW          599    .data               main.o
    0x000200c6   0x01007dea   0x00000002   PAD
    0x000200c8   0x01007dec   0x00000004   Data   RW         1058    .data               mc_p.l(stdout.o)
    0x000200cc        -       0x00000800   Zero   RW          126    .bss                yc_uart.o
    0x000208cc        -       0x00000100   Zero   RW          244    .bss                yc_ipc.o
    0x000209cc        -       0x00000814   Zero   RW          281    .bss                yc_bt.o
    0x000211e0        -       0x000000aa   Zero   RW          500    .bss                hal_bt.o
    0x0002128a   0x01007df0   0x00000002   PAD
    0x0002128c        -       0x000001e4   Zero   RW          521    .bss                middle_print_list.o
    0x00021470        -       0x0000006c   Zero   RW          547    .bss                middle_print.o
    0x000214dc        -       0x00001980   Zero   RW          564    .bss                middle_mmu.o
    0x00022e5c        -       0x00000810   Zero   RW          578    .bss                middle_protocol.o
    0x0002366c        -       0x00000048   Zero   RW          598    .bss                main.o


    Execution Region ER_IROM4 (Exec base: 0x01000400, Load base: 0x01000400, Size: 0x00007924, Max: 0xffffffff, ABSOLUTE)

    Exec Addr    Load Addr    Size         Type   Attr      Idx    E Section Name        Object

    0x01000400   0x01000400   0x00000000   Code   RO          767  * .ARM.Collect$$$$00000000  mc_p.l(entry.o)
    0x01000400   0x01000400   0x00000004   Code   RO         1044    .ARM.Collect$$$$00000001  mc_p.l(entry2.o)
    0x01000404   0x01000404   0x00000004   Code   RO         1047    .ARM.Collect$$$$00000004  mc_p.l(entry5.o)
    0x01000408   0x01000408   0x00000000   Code   RO         1049    .ARM.Collect$$$$00000008  mc_p.l(entry7b.o)
    0x01000408   0x01000408   0x00000000   Code   RO         1051    .ARM.Collect$$$$0000000A  mc_p.l(entry8b.o)
    0x01000408   0x01000408   0x00000008   Code   RO         1052    .ARM.Collect$$$$0000000B  mc_p.l(entry9a.o)
    0x01000410   0x01000410   0x00000000   Code   RO         1054    .ARM.Collect$$$$0000000D  mc_p.l(entry10a.o)
    0x01000410   0x01000410   0x00000000   Code   RO         1056    .ARM.Collect$$$$0000000F  mc_p.l(entry11a.o)
    0x01000410   0x01000410   0x00000004   Code   RO         1045    .ARM.Collect$$$$00002712  mc_p.l(entry2.o)
    0x01000414   0x01000414   0x000000e0   Code   RO           14    .text               misc.o
    0x010004f4   0x010004f4   0x00000344   Code   RO           48    .text               system.o
    0x01000838   0x01000838   0x00000620   Code   RO           69    .text               yc_gpio.o
    0x01000e58   0x01000e58   0x000003cc   Code   RO          107    .text               yc_exti.o
    0x01001224   0x01001224   0x000006d0   Code   RO          125    .text               yc_uart.o
    0x010018f4   0x010018f4   0x0000026c   Code   RO          141    .text               yc_systick.o
    0x01001b60   0x01001b60   0x000003b4   Code   RO          160    .text               yc_adc.o
    0x01001f14   0x01001f14   0x00000170   Code   RO          176    .text               yc_sysctrl.o
    0x01002084   0x01002084   0x00000344   Code   RO          192    .text               yc_timer.o
    0x010023c8   0x010023c8   0x000001b0   Code   RO          208    .text               yc_spi.o
    0x01002578   0x01002578   0x00000084   Code   RO          231    .text               yc_otp.o
    0x010025fc   0x010025fc   0x000006e0   Code   RO          243    .text               yc_ipc.o
    0x01002cdc   0x01002cdc   0x0000004c   Code   RO          265    .text               yc_power.o
    0x01002d28   0x01002d28   0x00001634   Code   RO          280    .text               yc_bt.o
    0x0100435c   0x0100435c   0x00000314   Code   RO          300    .text               yc_lpm.o
    0x01004670   0x01004670   0x000000a0   Code   RO          314    .text               hal_log.o
    0x01004710   0x01004710   0x00000290   Code   RO          382    .text               hal_print.o
    0x010049a0   0x010049a0   0x00000040   Code   RO          403    .text               hal_systick.o
    0x010049e0   0x010049e0   0x00000020   Code   RO          417    .text               hal_adc.o
    0x01004a00   0x01004a00   0x00000058   Code   RO          432    .text               hal_time.o
    0x01004a58   0x01004a58   0x0000005c   Code   RO          449    .text               hal_button.o
    0x01004ab4   0x01004ab4   0x00000020   Code   RO          466    .text               hal_led.o
    0x01004ad4   0x01004ad4   0x00000048   Code   RO          481    .text               hal_init.o
    0x01004b1c   0x01004b1c   0x000007e8   Code   RO          499    .text               hal_bt.o
    0x01005304   0x01005304   0x00000380   Code   RO          520    .text               middle_print_list.o
    0x01005684   0x01005684   0x00000438   Code   RO          546    .text               middle_print.o
    0x01005abc   0x01005abc   0x000000d0   Code   RO          563    .text               middle_mmu.o
    0x01005b8c   0x01005b8c   0x00000174   Code   RO          577    .text               middle_protocol.o
    0x01005d00   0x01005d00   0x000000e4   Code   RO          597    .text               main.o
    0x01005de4   0x01005de4   0x000000b8   Code   RO          612    .text               app_esc.o
    0x01005e9c   0x01005e9c   0x0000002c   Code   RO          770    .text               mc_p.l(uidiv.o)
    0x01005ec8   0x01005ec8   0x00000028   Code   RO          772    .text               mc_p.l(idiv.o)
    0x01005ef0   0x01005ef0   0x00000024   Code   RO          774    .text               mc_p.l(memcpya.o)
    0x01005f14   0x01005f14   0x00000024   Code   RO          776    .text               mc_p.l(memseta.o)
    0x01005f38   0x01005f38   0x00000014   Code   RO         1040    .text               mc_p.l(uread4.o)
    0x01005f4c   0x01005f4c   0x00000012   Code   RO         1042    .text               mc_p.l(uwrite4.o)
    0x01005f5e   0x01005f5e   0x00000060   Code   RO         1059    .text               mc_p.l(uldiv.o)
    0x01005fbe   0x01005fbe   0x00000000   Code   RO         1061    .text               mc_p.l(iusefp.o)
    0x01005fbe   0x01005fbe   0x00000002   PAD
    0x01005fc0   0x01005fc0   0x00000164   Code   RO         1062    .text               mf_p.l(dadd.o)
    0x01006124   0x01006124   0x000000d0   Code   RO         1064    .text               mf_p.l(dmul.o)
    0x010061f4   0x010061f4   0x000000f0   Code   RO         1066    .text               mf_p.l(ddiv.o)
    0x010062e4   0x010062e4   0x00000040   Code   RO         1068    .text               mf_p.l(dfixul.o)
    0x01006324   0x01006324   0x00000028   Code   RO         1070    .text               mf_p.l(cdrcmple.o)
    0x0100634c   0x0100634c   0x00000024   Code   RO         1072    .text               mc_p.l(init.o)
    0x01006370   0x01006370   0x00000020   Code   RO         1074    .text               mc_p.l(llshl.o)
    0x01006390   0x01006390   0x00000022   Code   RO         1076    .text               mc_p.l(llushr.o)
    0x010063b2   0x010063b2   0x00000026   Code   RO         1078    .text               mc_p.l(llsshr.o)
    0x010063d8   0x010063d8   0x000000be   Code   RO         1080    .text               mf_p.l(depilogue.o)
    0x01006496   0x01006496   0x00000002   PAD
    0x01006498   0x01006498   0x0000000c   Ven    RO         1092    Veneer$$Code        anon$$obj.o
    0x010064a4   0x010064a4   0x00000020   Code   RO         1013    i.__0printf         mc_p.l(printfa.o)
    0x010064c4   0x010064c4   0x0000002c   Code   RO         1018    i.__0vsnprintf      mc_p.l(printfa.o)
    0x010064f0   0x010064f0   0x0000002e   Code   RO         1082    i.__ARM_clz         mf_p.l(depilogue.o)
    0x0100651e   0x0100651e   0x0000001c   Code   RO           79    i.__ARM_common_switch8  yc_gpio.o
    0x0100653a   0x0100653a   0x0000000e   Code   RO         1086    i.__scatterload_copy  mc_p.l(handlers.o)
    0x01006548   0x01006548   0x00000002   Code   RO         1087    i.__scatterload_null  mc_p.l(handlers.o)
    0x0100654a   0x0100654a   0x0000000e   Code   RO         1088    i.__scatterload_zeroinit  mc_p.l(handlers.o)
    0x01006558   0x01006558   0x00000174   Code   RO         1020    i._fp_digits        mc_p.l(printfa.o)
    0x010066cc   0x010066cc   0x000006ec   Code   RO         1021    i._printf_core      mc_p.l(printfa.o)
    0x01006db8   0x01006db8   0x00000020   Code   RO         1022    i._printf_post_padding  mc_p.l(printfa.o)
    0x01006dd8   0x01006dd8   0x0000002c   Code   RO         1023    i._printf_pre_padding  mc_p.l(printfa.o)
    0x01006e04   0x01006e04   0x00000016   Code   RO         1024    i._snputc           mc_p.l(printfa.o)
    0x01006e1a   0x01006e1a   0x00000002   PAD
    0x01006e1c   0x01006e1c   0x00000020   Code   RO          631    i.end_qspi          yc_qspi.lib(yc_qspi.o)
    0x01006e3c   0x01006e3c   0x00000044   Code   RO          633    i.pre_qspi          yc_qspi.lib(yc_qspi.o)
    0x01006e80   0x01006e80   0x00000008   Code   RO          634    i.prefetch          yc_qspi.lib(yc_qspi.o)
    0x01006e88   0x01006e88   0x00000038   Code   RO          637    i.qspi_flash_read   yc_qspi.lib(yc_qspi.o)
    0x01006ec0   0x01006ec0   0x0000002c   Code   RO          642    i.setqspi           yc_qspi.lib(yc_qspi.o)
    0x01006eec   0x01006eec   0x00000008   Data   RO           49    .constdata          system.o
    0x01006ef4   0x01006ef4   0x000000ae   Data   RO           70    .constdata          yc_gpio.o
    0x01006fa2   0x01006fa2   0x00000027   Data   RO          108    .constdata          yc_exti.o
    0x01006fc9   0x01006fc9   0x000000d0   Data   RO          127    .constdata          yc_uart.o
    0x01007099   0x01007099   0x00000031   Data   RO          142    .constdata          yc_systick.o
    0x010070ca   0x010070ca   0x00000009   Data   RO          161    .constdata          yc_adc.o
    0x010070d3   0x010070d3   0x00000040   Data   RO          177    .constdata          yc_sysctrl.o
    0x01007113   0x01007113   0x0000005f   Data   RO          193    .constdata          yc_timer.o
    0x01007172   0x01007172   0x00000009   Data   RO          209    .constdata          yc_spi.o
    0x0100717b   0x0100717b   0x00000a28   Data   RO          224    .constdata          bt_code.o
    0x01007ba3   0x01007ba3   0x00000001   PAD
    0x01007ba4   0x01007ba4   0x0000000f   Data   RO          501    .constdata          hal_bt.o
    0x01007bb3   0x01007bb3   0x00000100   Data   RO          522    .constdata          middle_print_list.o
    0x01007cb3   0x01007cb3   0x00000001   PAD
    0x01007cb4   0x01007cb4   0x00000026   Data   RO          548    .constdata          middle_print.o
    0x01007cda   0x01007cda   0x00000002   PAD
    0x01007cdc   0x01007cdc   0x00000025   Data   RO           50    .conststring        system.o
    0x01007d01   0x01007d01   0x00000003   PAD
    0x01007d04   0x01007d04   0x00000020   Data   RO         1084    Region$$Table       anon$$obj.o


==============================================================================

Image component sizes


      Code (inc. data)   RO Data    RW Data    ZI Data      Debug   Object Name

       184         82          0          0          0        672   app_esc.o
         0          0       2600          0          0        426   bt_code.o
       312        118          0          0          0       2220   flash_start.o
        32          0          0          0          0        487   hal_adc.o
      2024       1274         15         99        170      24022   hal_bt.o
        92         10          0          8          0       1099   hal_button.o
        72         22          0          0          0        479   hal_init.o
        32          0          0          0          0        483   hal_led.o
       160          0          0          0          0      13032   hal_log.o
       656         10          0          0          0       3861   hal_print.o
        64          8          0          4          0       1497   hal_systick.o
        88          8          0          4          0       1403   hal_time.o
       228         88          0          2         72       1239   main.o
       208         26          0          0       6528       1903   middle_mmu.o
      1080         94         38          4        108       3372   middle_print.o
       896         82        256          0        484       4985   middle_print_list.o
       372         12          0          0       2064       3187   middle_protocol.o
       224         12          0          0          0      27660   misc.o
        20          4        192          0          0        448   startup.o
       836         44         45          0          0       3297   system.o
       948         78          9          0          0       4653   yc_adc.o
      5684        220          0         31       2068      21192   yc_bt.o
       972         74         39         24          0       4162   yc_exti.o
      1596        110        174          0          0      11072   yc_gpio.o
      1760        142          0          9        256      26490   yc_ipc.o
       788         40          0          4          0       3705   yc_lpm.o
       132         10          0          0          0       1788   yc_otp.o
        76          6          0          0          0        814   yc_power.o
       432         56          9          0          0       3520   yc_spi.o
       368         96         64          0          0      23690   yc_sysctrl.o
       620         90         49          4          0       3044   yc_systick.o
       836         80         95          0          0      24906   yc_timer.o
      1744        138        208          0       2048       6856   yc_uart.o

    ----------------------------------------------------------------------
     23548       3038       3832        200      13800     231664   Object Totals
        12          4         32          0          0          0   (incl. Generated)
         0          0          7          7          2          0   (incl. Padding)

    ----------------------------------------------------------------------

      Code (inc. data)   RO Data    RW Data    ZI Data      Debug   Library Member Name

         0          0          0          0          0          0   entry.o
         0          0          0          0          0          0   entry10a.o
         0          0          0          0          0          0   entry11a.o
         8          4          0          0          0          0   entry2.o
         4          0          0          0          0          0   entry5.o
         0          0          0          0          0          0   entry7b.o
         0          0          0          0          0          0   entry8b.o
         8          4          0          0          0          0   entry9a.o
        30          0          0          0          0          0   handlers.o
        40          0          0          0          0         72   idiv.o
        36          8          0          0          0         68   init.o
         0          0          0          0          0          0   iusefp.o
        32          0          0          0          0         68   llshl.o
        38          0          0          0          0         68   llsshr.o
        34          0          0          0          0         68   llushr.o
        36          0          0          0          0         60   memcpya.o
        36          0          0          0          0        100   memseta.o
      2318        102          0          0          0        544   printfa.o
         0          0          0          4          0          0   stdout.o
        44          0          0          0          0         72   uidiv.o
        96          0          0          0          0         84   uldiv.o
        20          0          0          0          0         60   uread4.o
        18          0          0          0          0         60   uwrite4.o
        40          2          0          0          0         68   cdrcmple.o
       356          4          0          0          0        140   dadd.o
       240          6          0          0          0         84   ddiv.o
       236          0          0          0          0        216   depilogue.o
        64         10          0          0          0         68   dfixul.o
       208          6          0          0          0         88   dmul.o
       208         34          0          0          0       5153   yc_qspi.o

    ----------------------------------------------------------------------
      4156        180          0          4          0       7141   Library Totals
         6          0          0          0          0          0   (incl. Padding)

    ----------------------------------------------------------------------

      Code (inc. data)   RO Data    RW Data    ZI Data      Debug   Library Name

      2798        118          0          4          0       1324   mc_p.l
      1144         28          0          0          0        664   mf_p.l
       208         34          0          0          0       5153   yc_qspi.lib

    ----------------------------------------------------------------------
      4156        180          0          4          0       7141   Library Totals

    ----------------------------------------------------------------------

==============================================================================


      Code (inc. data)   RO Data    RW Data    ZI Data      Debug   

     27704       3218       3832        204      13800     235333   Grand Totals
     27704       3218       3832        204      13800     235333   ELF Image Totals
     27704       3218       3832        204          0          0   ROM Totals

==============================================================================

    Total RO  Size (Code + RO Data)                31536 (  30.80kB)
    Total RW  Size (RW Data + ZI Data)             14004 (  13.68kB)
    Total ROM Size (Code + RO Data + RW Data)      31740 (  31.00kB)

==============================================================================

