Component: ARM Compiler 5.06 update 6 (build 750) Tool: armlink [4d35ed]

==============================================================================

Section Cross References

    flash_start.o(.flash_start) refers to main.o(.text) for UART0_IRQHandler
    flash_start.o(.flash_start) refers to yc_exti.o(.text) for GPIO_IRQHandler
    flash_start.o(.flash_start) refers to entry.o(.ARM.Collect$$$$00000000) for __main
    startup.o(RESET) refers to startup.o(.text) for reset_handler
    startup.o(RESET) refers to flash_start.o(.flash_start) for hard_fault_handler
    startup.o(.text) refers to flash_start.o(.flash_start) for Reset_Handler
    system.o(.text) refers to yc_uart.o(.text) for UART_SendBuf
    system.o(.text) refers to uidiv.o(.text) for __aeabi_uidivmod
    system.o(.text) refers to system.o(.constdata) for .constdata
    system.o(.constdata) refers to system.o(.conststring) for .conststring
    yc_gpio.o(.text) refers to system.o(.text) for _assert_handler
    yc_gpio.o(.text) refers to yc_gpio.o(i.__ARM_common_switch8) for __ARM_common_switch8
    yc_gpio.o(.text) refers to yc_gpio.o(.constdata) for .constdata
    yc_exti.o(.text) refers to system.o(.text) for _assert_handler
    yc_exti.o(.text) refers to yc_gpio.o(.text) for GPIO_ReadInputDataBit
    yc_exti.o(.text) refers to flash_start.o(.flash_start) for EXTI0_IRQHandler
    yc_exti.o(.text) refers to main.o(.text) for EXTI2_IRQHandler
    yc_exti.o(.text) refers to yc_exti.o(.constdata) for .constdata
    yc_exti.o(.text) refers to yc_exti.o(.data) for .data
    yc_uart.o(.text) refers to system.o(.text) for _assert_handler
    yc_uart.o(.text) refers to uidiv.o(.text) for __aeabi_uidivmod
    yc_uart.o(.text) refers to yc_uart.o(.constdata) for .constdata
    yc_uart.o(.text) refers to yc_uart.o(.bss) for .bss
    middle_print_list.o(.text) refers to uidiv.o(.text) for __aeabi_uidivmod
    middle_print_list.o(.text) refers to middle_mmu.o(.text) for middle_mmu_alloc
    middle_print_list.o(.text) refers to idiv.o(.text) for __aeabi_idivmod
    middle_print_list.o(.text) refers to printfb.o(i.__0printf$bare) for __2printf
    middle_print_list.o(.text) refers to memcpya.o(.text) for __aeabi_memcpy4
    middle_print_list.o(.text) refers to memseta.o(.text) for __aeabi_memclr4
    middle_print_list.o(.text) refers to middle_print_list.o(.constdata) for .constdata
    middle_print_list.o(.text) refers to middle_print_list.o(.bss) for .bss
    middle_mmu.o(.text) refers to memseta.o(.text) for __aeabi_memclr
    middle_mmu.o(.text) refers to printfb.o(i.__0printf$bare) for __2printf
    middle_mmu.o(.text) refers to middle_mmu.o(.bss) for .bss
    main.o(.text) refers to misc.o(.text) for NVIC_EnableIRQ
    main.o(.text) refers to yc_gpio.o(.text) for GPIO_Config
    main.o(.text) refers to yc_uart.o(.text) for UART_Init
    main.o(.text) refers to system.o(.text) for MyPrintf
    main.o(.text) refers to yc_exti.o(.text) for EXTI_LineConfig
    main.o(.text) refers to main.o(.bss) for .bss
    entry.o(.ARM.Collect$$$$00000000) refers (Special) to entry10a.o(.ARM.Collect$$$$0000000D) for __rt_final_cpp
    entry.o(.ARM.Collect$$$$00000000) refers (Special) to entry11a.o(.ARM.Collect$$$$0000000F) for __rt_final_exit
    entry.o(.ARM.Collect$$$$00000000) refers (Special) to entry7b.o(.ARM.Collect$$$$00000008) for _main_clock
    entry.o(.ARM.Collect$$$$00000000) refers (Special) to entry8b.o(.ARM.Collect$$$$0000000A) for _main_cpp_init
    entry.o(.ARM.Collect$$$$00000000) refers (Special) to entry9a.o(.ARM.Collect$$$$0000000B) for _main_init
    entry.o(.ARM.Collect$$$$00000000) refers (Special) to entry5.o(.ARM.Collect$$$$00000004) for _main_scatterload
    entry.o(.ARM.Collect$$$$00000000) refers (Special) to entry2.o(.ARM.Collect$$$$00000001) for _main_stk
    idiv.o(.text) refers to uidiv.o(.text) for __aeabi_uidivmod
    printfb.o(i.__0fprintf$bare) refers to printfb.o(i._printf_core) for _printf_core
    printfb.o(i.__0fprintf$bare) refers to fputc.o(i.fputc) for fputc
    printfb.o(i.__0printf$bare) refers to printfb.o(i._printf_core) for _printf_core
    printfb.o(i.__0printf$bare) refers to fputc.o(i.fputc) for fputc
    printfb.o(i.__0printf$bare) refers to stdout.o(.data) for __stdout
    printfb.o(i.__0snprintf$bare) refers to printfb.o(i._printf_core) for _printf_core
    printfb.o(i.__0snprintf$bare) refers to printfb.o(i._snputc) for _snputc
    printfb.o(i.__0sprintf$bare) refers to printfb.o(i._printf_core) for _printf_core
    printfb.o(i.__0sprintf$bare) refers to printfb.o(i._sputc) for _sputc
    printfb.o(i.__0vfprintf$bare) refers to printfb.o(i._printf_core) for _printf_core
    printfb.o(i.__0vfprintf$bare) refers to fputc.o(i.fputc) for fputc
    printfb.o(i.__0vprintf$bare) refers to printfb.o(i._printf_core) for _printf_core
    printfb.o(i.__0vprintf$bare) refers to fputc.o(i.fputc) for fputc
    printfb.o(i.__0vprintf$bare) refers to stdout.o(.data) for __stdout
    printfb.o(i.__0vsnprintf$bare) refers to printfb.o(i._printf_core) for _printf_core
    printfb.o(i.__0vsnprintf$bare) refers to printfb.o(i._snputc) for _snputc
    printfb.o(i.__0vsprintf$bare) refers to printfb.o(i._printf_core) for _printf_core
    printfb.o(i.__0vsprintf$bare) refers to printfb.o(i._sputc) for _sputc
    printf0.o(i.__0fprintf$0) refers to printf0.o(i._printf_core) for _printf_core
    printf0.o(i.__0fprintf$0) refers to fputc.o(i.fputc) for fputc
    printf0.o(i.__0printf$0) refers to printf0.o(i._printf_core) for _printf_core
    printf0.o(i.__0printf$0) refers to fputc.o(i.fputc) for fputc
    printf0.o(i.__0printf$0) refers to stdout.o(.data) for __stdout
    printf0.o(i.__0snprintf$0) refers to printf0.o(i._printf_core) for _printf_core
    printf0.o(i.__0snprintf$0) refers to printf0.o(i._snputc) for _snputc
    printf0.o(i.__0sprintf$0) refers to printf0.o(i._printf_core) for _printf_core
    printf0.o(i.__0sprintf$0) refers to printf0.o(i._sputc) for _sputc
    printf0.o(i.__0vfprintf$0) refers to printf0.o(i._printf_core) for _printf_core
    printf0.o(i.__0vfprintf$0) refers to fputc.o(i.fputc) for fputc
    printf0.o(i.__0vprintf$0) refers to printf0.o(i._printf_core) for _printf_core
    printf0.o(i.__0vprintf$0) refers to fputc.o(i.fputc) for fputc
    printf0.o(i.__0vprintf$0) refers to stdout.o(.data) for __stdout
    printf0.o(i.__0vsnprintf$0) refers to printf0.o(i._printf_core) for _printf_core
    printf0.o(i.__0vsnprintf$0) refers to printf0.o(i._snputc) for _snputc
    printf0.o(i.__0vsprintf$0) refers to printf0.o(i._printf_core) for _printf_core
    printf0.o(i.__0vsprintf$0) refers to printf0.o(i._sputc) for _sputc
    printf1.o(i.__0fprintf$1) refers to printf1.o(i._printf_core) for _printf_core
    printf1.o(i.__0fprintf$1) refers to fputc.o(i.fputc) for fputc
    printf1.o(i.__0printf$1) refers to printf1.o(i._printf_core) for _printf_core
    printf1.o(i.__0printf$1) refers to fputc.o(i.fputc) for fputc
    printf1.o(i.__0printf$1) refers to stdout.o(.data) for __stdout
    printf1.o(i.__0snprintf$1) refers to printf1.o(i._printf_core) for _printf_core
    printf1.o(i.__0snprintf$1) refers to printf1.o(i._snputc) for _snputc
    printf1.o(i.__0sprintf$1) refers to printf1.o(i._printf_core) for _printf_core
    printf1.o(i.__0sprintf$1) refers to printf1.o(i._sputc) for _sputc
    printf1.o(i.__0vfprintf$1) refers to printf1.o(i._printf_core) for _printf_core
    printf1.o(i.__0vfprintf$1) refers to fputc.o(i.fputc) for fputc
    printf1.o(i.__0vprintf$1) refers to printf1.o(i._printf_core) for _printf_core
    printf1.o(i.__0vprintf$1) refers to fputc.o(i.fputc) for fputc
    printf1.o(i.__0vprintf$1) refers to stdout.o(.data) for __stdout
    printf1.o(i.__0vsnprintf$1) refers to printf1.o(i._printf_core) for _printf_core
    printf1.o(i.__0vsnprintf$1) refers to printf1.o(i._snputc) for _snputc
    printf1.o(i.__0vsprintf$1) refers to printf1.o(i._printf_core) for _printf_core
    printf1.o(i.__0vsprintf$1) refers to printf1.o(i._sputc) for _sputc
    printf1.o(i._printf_core) refers to uidiv.o(.text) for __aeabi_uidivmod
    printf2.o(i.__0fprintf$2) refers to printf2.o(i._printf_core) for _printf_core
    printf2.o(i.__0fprintf$2) refers to fputc.o(i.fputc) for fputc
    printf2.o(i.__0printf$2) refers to printf2.o(i._printf_core) for _printf_core
    printf2.o(i.__0printf$2) refers to fputc.o(i.fputc) for fputc
    printf2.o(i.__0printf$2) refers to stdout.o(.data) for __stdout
    printf2.o(i.__0snprintf$2) refers to printf2.o(i._printf_core) for _printf_core
    printf2.o(i.__0snprintf$2) refers to printf2.o(i._snputc) for _snputc
    printf2.o(i.__0sprintf$2) refers to printf2.o(i._printf_core) for _printf_core
    printf2.o(i.__0sprintf$2) refers to printf2.o(i._sputc) for _sputc
    printf2.o(i.__0vfprintf$2) refers to printf2.o(i._printf_core) for _printf_core
    printf2.o(i.__0vfprintf$2) refers to fputc.o(i.fputc) for fputc
    printf2.o(i.__0vprintf$2) refers to printf2.o(i._printf_core) for _printf_core
    printf2.o(i.__0vprintf$2) refers to fputc.o(i.fputc) for fputc
    printf2.o(i.__0vprintf$2) refers to stdout.o(.data) for __stdout
    printf2.o(i.__0vsnprintf$2) refers to printf2.o(i._printf_core) for _printf_core
    printf2.o(i.__0vsnprintf$2) refers to printf2.o(i._snputc) for _snputc
    printf2.o(i.__0vsprintf$2) refers to printf2.o(i._printf_core) for _printf_core
    printf2.o(i.__0vsprintf$2) refers to printf2.o(i._sputc) for _sputc
    printf3.o(i.__0fprintf$3) refers to printf3.o(i._printf_core) for _printf_core
    printf3.o(i.__0fprintf$3) refers to fputc.o(i.fputc) for fputc
    printf3.o(i.__0printf$3) refers to printf3.o(i._printf_core) for _printf_core
    printf3.o(i.__0printf$3) refers to fputc.o(i.fputc) for fputc
    printf3.o(i.__0printf$3) refers to stdout.o(.data) for __stdout
    printf3.o(i.__0snprintf$3) refers to printf3.o(i._printf_core) for _printf_core
    printf3.o(i.__0snprintf$3) refers to printf3.o(i._snputc) for _snputc
    printf3.o(i.__0sprintf$3) refers to printf3.o(i._printf_core) for _printf_core
    printf3.o(i.__0sprintf$3) refers to printf3.o(i._sputc) for _sputc
    printf3.o(i.__0vfprintf$3) refers to printf3.o(i._printf_core) for _printf_core
    printf3.o(i.__0vfprintf$3) refers to fputc.o(i.fputc) for fputc
    printf3.o(i.__0vprintf$3) refers to printf3.o(i._printf_core) for _printf_core
    printf3.o(i.__0vprintf$3) refers to fputc.o(i.fputc) for fputc
    printf3.o(i.__0vprintf$3) refers to stdout.o(.data) for __stdout
    printf3.o(i.__0vsnprintf$3) refers to printf3.o(i._printf_core) for _printf_core
    printf3.o(i.__0vsnprintf$3) refers to printf3.o(i._snputc) for _snputc
    printf3.o(i.__0vsprintf$3) refers to printf3.o(i._printf_core) for _printf_core
    printf3.o(i.__0vsprintf$3) refers to printf3.o(i._sputc) for _sputc
    printf3.o(i._printf_core) refers to uidiv.o(.text) for __aeabi_uidivmod
    printf4.o(i.__0fprintf$4) refers to printf4.o(i._printf_core) for _printf_core
    printf4.o(i.__0fprintf$4) refers to fputc.o(i.fputc) for fputc
    printf4.o(i.__0printf$4) refers to printf4.o(i._printf_core) for _printf_core
    printf4.o(i.__0printf$4) refers to fputc.o(i.fputc) for fputc
    printf4.o(i.__0printf$4) refers to stdout.o(.data) for __stdout
    printf4.o(i.__0snprintf$4) refers to printf4.o(i._printf_core) for _printf_core
    printf4.o(i.__0snprintf$4) refers to printf4.o(i._snputc) for _snputc
    printf4.o(i.__0sprintf$4) refers to printf4.o(i._printf_core) for _printf_core
    printf4.o(i.__0sprintf$4) refers to printf4.o(i._sputc) for _sputc
    printf4.o(i.__0vfprintf$4) refers to printf4.o(i._printf_core) for _printf_core
    printf4.o(i.__0vfprintf$4) refers to fputc.o(i.fputc) for fputc
    printf4.o(i.__0vprintf$4) refers to printf4.o(i._printf_core) for _printf_core
    printf4.o(i.__0vprintf$4) refers to fputc.o(i.fputc) for fputc
    printf4.o(i.__0vprintf$4) refers to stdout.o(.data) for __stdout
    printf4.o(i.__0vsnprintf$4) refers to printf4.o(i._printf_core) for _printf_core
    printf4.o(i.__0vsnprintf$4) refers to printf4.o(i._snputc) for _snputc
    printf4.o(i.__0vsprintf$4) refers to printf4.o(i._printf_core) for _printf_core
    printf4.o(i.__0vsprintf$4) refers to printf4.o(i._sputc) for _sputc
    printf4.o(i._printf_core) refers to uldiv.o(.text) for __aeabi_uldivmod
    printf5.o(i.__0fprintf$5) refers to printf5.o(i._printf_core) for _printf_core
    printf5.o(i.__0fprintf$5) refers to fputc.o(i.fputc) for fputc
    printf5.o(i.__0printf$5) refers to printf5.o(i._printf_core) for _printf_core
    printf5.o(i.__0printf$5) refers to fputc.o(i.fputc) for fputc
    printf5.o(i.__0printf$5) refers to stdout.o(.data) for __stdout
    printf5.o(i.__0snprintf$5) refers to printf5.o(i._printf_core) for _printf_core
    printf5.o(i.__0snprintf$5) refers to printf5.o(i._snputc) for _snputc
    printf5.o(i.__0sprintf$5) refers to printf5.o(i._printf_core) for _printf_core
    printf5.o(i.__0sprintf$5) refers to printf5.o(i._sputc) for _sputc
    printf5.o(i.__0vfprintf$5) refers to printf5.o(i._printf_core) for _printf_core
    printf5.o(i.__0vfprintf$5) refers to fputc.o(i.fputc) for fputc
    printf5.o(i.__0vprintf$5) refers to printf5.o(i._printf_core) for _printf_core
    printf5.o(i.__0vprintf$5) refers to fputc.o(i.fputc) for fputc
    printf5.o(i.__0vprintf$5) refers to stdout.o(.data) for __stdout
    printf5.o(i.__0vsnprintf$5) refers to printf5.o(i._printf_core) for _printf_core
    printf5.o(i.__0vsnprintf$5) refers to printf5.o(i._snputc) for _snputc
    printf5.o(i.__0vsprintf$5) refers to printf5.o(i._printf_core) for _printf_core
    printf5.o(i.__0vsprintf$5) refers to printf5.o(i._sputc) for _sputc
    printf5.o(i._printf_core) refers to uldiv.o(.text) for __aeabi_uldivmod
    printf6.o(i.__0fprintf$6) refers to printf6.o(i._printf_core) for _printf_core
    printf6.o(i.__0fprintf$6) refers to fputc.o(i.fputc) for fputc
    printf6.o(i.__0printf$6) refers to printf6.o(i._printf_core) for _printf_core
    printf6.o(i.__0printf$6) refers to fputc.o(i.fputc) for fputc
    printf6.o(i.__0printf$6) refers to stdout.o(.data) for __stdout
    printf6.o(i.__0snprintf$6) refers to printf6.o(i._printf_core) for _printf_core
    printf6.o(i.__0snprintf$6) refers to printf6.o(i._snputc) for _snputc
    printf6.o(i.__0sprintf$6) refers to printf6.o(i._printf_core) for _printf_core
    printf6.o(i.__0sprintf$6) refers to printf6.o(i._sputc) for _sputc
    printf6.o(i.__0vfprintf$6) refers to printf6.o(i._printf_core) for _printf_core
    printf6.o(i.__0vfprintf$6) refers to fputc.o(i.fputc) for fputc
    printf6.o(i.__0vprintf$6) refers to printf6.o(i._printf_core) for _printf_core
    printf6.o(i.__0vprintf$6) refers to fputc.o(i.fputc) for fputc
    printf6.o(i.__0vprintf$6) refers to stdout.o(.data) for __stdout
    printf6.o(i.__0vsnprintf$6) refers to printf6.o(i._printf_core) for _printf_core
    printf6.o(i.__0vsnprintf$6) refers to printf6.o(i._snputc) for _snputc
    printf6.o(i.__0vsprintf$6) refers to printf6.o(i._printf_core) for _printf_core
    printf6.o(i.__0vsprintf$6) refers to printf6.o(i._sputc) for _sputc
    printf6.o(i._printf_core) refers to printf6.o(i._printf_pre_padding) for _printf_pre_padding
    printf6.o(i._printf_core) refers to printf6.o(i._printf_post_padding) for _printf_post_padding
    printf6.o(i._printf_core) refers to uidiv.o(.text) for __aeabi_uidivmod
    printf7.o(i.__0fprintf$7) refers to printf7.o(i._printf_core) for _printf_core
    printf7.o(i.__0fprintf$7) refers to fputc.o(i.fputc) for fputc
    printf7.o(i.__0printf$7) refers to printf7.o(i._printf_core) for _printf_core
    printf7.o(i.__0printf$7) refers to fputc.o(i.fputc) for fputc
    printf7.o(i.__0printf$7) refers to stdout.o(.data) for __stdout
    printf7.o(i.__0snprintf$7) refers to printf7.o(i._printf_core) for _printf_core
    printf7.o(i.__0snprintf$7) refers to printf7.o(i._snputc) for _snputc
    printf7.o(i.__0sprintf$7) refers to printf7.o(i._printf_core) for _printf_core
    printf7.o(i.__0sprintf$7) refers to printf7.o(i._sputc) for _sputc
    printf7.o(i.__0vfprintf$7) refers to printf7.o(i._printf_core) for _printf_core
    printf7.o(i.__0vfprintf$7) refers to fputc.o(i.fputc) for fputc
    printf7.o(i.__0vprintf$7) refers to printf7.o(i._printf_core) for _printf_core
    printf7.o(i.__0vprintf$7) refers to fputc.o(i.fputc) for fputc
    printf7.o(i.__0vprintf$7) refers to stdout.o(.data) for __stdout
    printf7.o(i.__0vsnprintf$7) refers to printf7.o(i._printf_core) for _printf_core
    printf7.o(i.__0vsnprintf$7) refers to printf7.o(i._snputc) for _snputc
    printf7.o(i.__0vsprintf$7) refers to printf7.o(i._printf_core) for _printf_core
    printf7.o(i.__0vsprintf$7) refers to printf7.o(i._sputc) for _sputc
    printf7.o(i._printf_core) refers to printf7.o(i._printf_pre_padding) for _printf_pre_padding
    printf7.o(i._printf_core) refers to printf7.o(i._printf_post_padding) for _printf_post_padding
    printf7.o(i._printf_core) refers to uldiv.o(.text) for __aeabi_uldivmod
    printf8.o(i.__0fprintf$8) refers to printf8.o(i._printf_core) for _printf_core
    printf8.o(i.__0fprintf$8) refers to fputc.o(i.fputc) for fputc
    printf8.o(i.__0printf$8) refers to printf8.o(i._printf_core) for _printf_core
    printf8.o(i.__0printf$8) refers to fputc.o(i.fputc) for fputc
    printf8.o(i.__0printf$8) refers to stdout.o(.data) for __stdout
    printf8.o(i.__0snprintf$8) refers to printf8.o(i._printf_core) for _printf_core
    printf8.o(i.__0snprintf$8) refers to printf8.o(i._snputc) for _snputc
    printf8.o(i.__0sprintf$8) refers to printf8.o(i._printf_core) for _printf_core
    printf8.o(i.__0sprintf$8) refers to printf8.o(i._sputc) for _sputc
    printf8.o(i.__0vfprintf$8) refers to printf8.o(i._printf_core) for _printf_core
    printf8.o(i.__0vfprintf$8) refers to fputc.o(i.fputc) for fputc
    printf8.o(i.__0vprintf$8) refers to printf8.o(i._printf_core) for _printf_core
    printf8.o(i.__0vprintf$8) refers to fputc.o(i.fputc) for fputc
    printf8.o(i.__0vprintf$8) refers to stdout.o(.data) for __stdout
    printf8.o(i.__0vsnprintf$8) refers to printf8.o(i._printf_core) for _printf_core
    printf8.o(i.__0vsnprintf$8) refers to printf8.o(i._snputc) for _snputc
    printf8.o(i.__0vsprintf$8) refers to printf8.o(i._printf_core) for _printf_core
    printf8.o(i.__0vsprintf$8) refers to printf8.o(i._sputc) for _sputc
    printf8.o(i._printf_core) refers to printf8.o(i._printf_pre_padding) for _printf_pre_padding
    printf8.o(i._printf_core) refers to printf8.o(i._printf_post_padding) for _printf_post_padding
    printf8.o(i._printf_core) refers to uldiv.o(.text) for __aeabi_uldivmod
    printfa.o(i.__0fprintf) refers (Special) to iusefp.o(.text) for __I$use$fp
    printfa.o(i.__0fprintf) refers to printfa.o(i._printf_core) for _printf_core
    printfa.o(i.__0fprintf) refers to fputc.o(i.fputc) for fputc
    printfa.o(i.__0printf) refers (Special) to iusefp.o(.text) for __I$use$fp
    printfa.o(i.__0printf) refers to printfa.o(i._printf_core) for _printf_core
    printfa.o(i.__0printf) refers to fputc.o(i.fputc) for fputc
    printfa.o(i.__0printf) refers to stdout.o(.data) for __stdout
    printfa.o(i.__0snprintf) refers (Special) to iusefp.o(.text) for __I$use$fp
    printfa.o(i.__0snprintf) refers to printfa.o(i._printf_core) for _printf_core
    printfa.o(i.__0snprintf) refers to printfa.o(i._snputc) for _snputc
    printfa.o(i.__0sprintf) refers (Special) to iusefp.o(.text) for __I$use$fp
    printfa.o(i.__0sprintf) refers to printfa.o(i._printf_core) for _printf_core
    printfa.o(i.__0sprintf) refers to printfa.o(i._sputc) for _sputc
    printfa.o(i.__0vfprintf) refers (Special) to iusefp.o(.text) for __I$use$fp
    printfa.o(i.__0vfprintf) refers to printfa.o(i._printf_core) for _printf_core
    printfa.o(i.__0vfprintf) refers to fputc.o(i.fputc) for fputc
    printfa.o(i.__0vprintf) refers (Special) to iusefp.o(.text) for __I$use$fp
    printfa.o(i.__0vprintf) refers to printfa.o(i._printf_core) for _printf_core
    printfa.o(i.__0vprintf) refers to fputc.o(i.fputc) for fputc
    printfa.o(i.__0vprintf) refers to stdout.o(.data) for __stdout
    printfa.o(i.__0vsnprintf) refers (Special) to iusefp.o(.text) for __I$use$fp
    printfa.o(i.__0vsnprintf) refers to printfa.o(i._printf_core) for _printf_core
    printfa.o(i.__0vsnprintf) refers to printfa.o(i._snputc) for _snputc
    printfa.o(i.__0vsprintf) refers (Special) to iusefp.o(.text) for __I$use$fp
    printfa.o(i.__0vsprintf) refers to printfa.o(i._printf_core) for _printf_core
    printfa.o(i.__0vsprintf) refers to printfa.o(i._sputc) for _sputc
    printfa.o(i._fp_digits) refers (Special) to iusefp.o(.text) for __I$use$fp
    printfa.o(i._fp_digits) refers to dmul.o(.text) for __aeabi_dmul
    printfa.o(i._fp_digits) refers to ddiv.o(.text) for __aeabi_ddiv
    printfa.o(i._fp_digits) refers to cdrcmple.o(.text) for __aeabi_cdrcmple
    printfa.o(i._fp_digits) refers to dadd.o(.text) for __aeabi_dadd
    printfa.o(i._fp_digits) refers to dfixul.o(.text) for __aeabi_d2ulz
    printfa.o(i._fp_digits) refers to uldiv.o(.text) for __aeabi_uldivmod
    printfa.o(i._printf_core) refers (Special) to iusefp.o(.text) for __I$use$fp
    printfa.o(i._printf_core) refers to printfa.o(i._printf_pre_padding) for _printf_pre_padding
    printfa.o(i._printf_core) refers to uldiv.o(.text) for __aeabi_uldivmod
    printfa.o(i._printf_core) refers to printfa.o(i._printf_post_padding) for _printf_post_padding
    printfa.o(i._printf_core) refers to printfa.o(i._fp_digits) for _fp_digits
    printfa.o(i._printf_core) refers to uidiv.o(.text) for __aeabi_uidivmod
    printfa.o(i._printf_post_padding) refers (Special) to iusefp.o(.text) for __I$use$fp
    printfa.o(i._printf_pre_padding) refers (Special) to iusefp.o(.text) for __I$use$fp
    printfa.o(i._snputc) refers (Special) to iusefp.o(.text) for __I$use$fp
    printfa.o(i._sputc) refers (Special) to iusefp.o(.text) for __I$use$fp
    entry2.o(.ARM.Collect$$$$00000001) refers to entry2.o(.ARM.Collect$$$$00002712) for __lit__00000000
    entry2.o(__vectab_stack_and_reset_area) refers to entry.o(.ARM.Collect$$$$00000000) for __main
    entry5.o(.ARM.Collect$$$$00000004) refers to init.o(.text) for __scatterload
    entry9a.o(.ARM.Collect$$$$0000000B) refers to main.o(.text) for main
    entry9b.o(.ARM.Collect$$$$0000000C) refers to main.o(.text) for main
    fputc.o(i.fputc) refers (Special) to iusesemip.o(.text) for __I$use$semihosting$fputc
    fputc.o(i.fputc) refers (Special) to semi.o(.text) for __semihosting_library_function
    uldiv.o(.text) refers to llushr.o(.text) for __aeabi_llsr
    uldiv.o(.text) refers to llshl.o(.text) for __aeabi_llsl
    dadd.o(.text) refers to llshl.o(.text) for __aeabi_llsl
    dadd.o(.text) refers to llsshr.o(.text) for __aeabi_lasr
    dadd.o(.text) refers to depilogue.o(.text) for _double_epilogue
    dmul.o(.text) refers to depilogue.o(.text) for _double_epilogue
    ddiv.o(.text) refers to depilogue.o(.text) for _double_round
    dfixul.o(.text) refers to llushr.o(.text) for __aeabi_llsr
    dfixul.o(.text) refers to llshl.o(.text) for __aeabi_llsl
    init.o(.text) refers to entry5.o(.ARM.Collect$$$$00000004) for __main_after_scatterload
    depilogue.o(.text) refers to depilogue.o(i.__ARM_clz) for __ARM_clz
    depilogue.o(.text) refers to llshl.o(.text) for __aeabi_llsl
    depilogue.o(.text) refers to llushr.o(.text) for __aeabi_llsr


==============================================================================

Removing Unused input sections from the image.

    Removing startup.o(STACK), (65536 bytes).
    Removing startup.o(HEAP), (0 bytes).
    Removing middle_print_list.o(.text), (632 bytes).
    Removing middle_print_list.o(.bss), (484 bytes).
    Removing middle_print_list.o(.constdata), (256 bytes).
    Removing middle_print.o(.text), (24 bytes).
    Removing middle_mmu.o(.text), (184 bytes).
    Removing middle_mmu.o(.bss), (6528 bytes).
    Removing dadd.o(.text), (356 bytes).
    Removing dmul.o(.text), (208 bytes).
    Removing ddiv.o(.text), (240 bytes).
    Removing dfixul.o(.text), (64 bytes).
    Removing cdrcmple.o(.text), (40 bytes).
    Removing depilogue.o(.text), (190 bytes).
    Removing depilogue.o(i.__ARM_clz), (46 bytes).

15 unused section(s) (total 74788 bytes) removed from the image.

==============================================================================

Image Symbol Table

    Local Symbols

    Symbol Name                              Value     Ov Type        Size  Object(Section)

    RESET                                    0x00000000   Section      192  startup.o(RESET)
    ../clib/microlib/division.c              0x00000000   Number         0  idiv.o ABSOLUTE
    ../clib/microlib/division.c              0x00000000   Number         0  uldiv.o ABSOLUTE
    ../clib/microlib/division.c              0x00000000   Number         0  uidiv.o ABSOLUTE
    ../clib/microlib/init/entry.s            0x00000000   Number         0  entry.o ABSOLUTE
    ../clib/microlib/init/entry.s            0x00000000   Number         0  entry9b.o ABSOLUTE
    ../clib/microlib/init/entry.s            0x00000000   Number         0  entry11b.o ABSOLUTE
    ../clib/microlib/init/entry.s            0x00000000   Number         0  entry11a.o ABSOLUTE
    ../clib/microlib/init/entry.s            0x00000000   Number         0  entry10b.o ABSOLUTE
    ../clib/microlib/init/entry.s            0x00000000   Number         0  entry10a.o ABSOLUTE
    ../clib/microlib/init/entry.s            0x00000000   Number         0  entry7b.o ABSOLUTE
    ../clib/microlib/init/entry.s            0x00000000   Number         0  entry9a.o ABSOLUTE
    ../clib/microlib/init/entry.s            0x00000000   Number         0  entry8b.o ABSOLUTE
    ../clib/microlib/init/entry.s            0x00000000   Number         0  entry8a.o ABSOLUTE
    ../clib/microlib/init/entry.s            0x00000000   Number         0  entry7a.o ABSOLUTE
    ../clib/microlib/init/entry.s            0x00000000   Number         0  entry5.o ABSOLUTE
    ../clib/microlib/init/entry.s            0x00000000   Number         0  entry2.o ABSOLUTE
    ../clib/microlib/longlong.c              0x00000000   Number         0  llushr.o ABSOLUTE
    ../clib/microlib/longlong.c              0x00000000   Number         0  llshl.o ABSOLUTE
    ../clib/microlib/longlong.c              0x00000000   Number         0  llsshr.o ABSOLUTE
    ../clib/microlib/printf/printf.c         0x00000000   Number         0  printf2.o ABSOLUTE
    ../clib/microlib/printf/printf.c         0x00000000   Number         0  printf3.o ABSOLUTE
    ../clib/microlib/printf/printf.c         0x00000000   Number         0  printf7.o ABSOLUTE
    ../clib/microlib/printf/printf.c         0x00000000   Number         0  printf5.o ABSOLUTE
    ../clib/microlib/printf/printf.c         0x00000000   Number         0  printf6.o ABSOLUTE
    ../clib/microlib/printf/printf.c         0x00000000   Number         0  printfa.o ABSOLUTE
    ../clib/microlib/printf/printf.c         0x00000000   Number         0  printf4.o ABSOLUTE
    ../clib/microlib/printf/printf.c         0x00000000   Number         0  printf1.o ABSOLUTE
    ../clib/microlib/printf/printf.c         0x00000000   Number         0  printfb.o ABSOLUTE
    ../clib/microlib/printf/printf.c         0x00000000   Number         0  printf0.o ABSOLUTE
    ../clib/microlib/printf/printf.c         0x00000000   Number         0  printf8.o ABSOLUTE
    ../clib/microlib/stdio/fputc.c           0x00000000   Number         0  fputc.o ABSOLUTE
    ../clib/microlib/stdio/semi.s            0x00000000   Number         0  semi.o ABSOLUTE
    ../clib/microlib/stdio/streams.c         0x00000000   Number         0  stdout.o ABSOLUTE
    ../clib/microlib/string/memcpy.c         0x00000000   Number         0  memcpyb.o ABSOLUTE
    ../clib/microlib/string/memcpy.c         0x00000000   Number         0  memcpya.o ABSOLUTE
    ../clib/microlib/string/memset.c         0x00000000   Number         0  memseta.o ABSOLUTE
    ../clib/microlib/stubs.s                 0x00000000   Number         0  iusefp.o ABSOLUTE
    ../clib/microlib/stubs.s                 0x00000000   Number         0  iusesemip.o ABSOLUTE
    ../fplib/microlib/fpadd.c                0x00000000   Number         0  dadd.o ABSOLUTE
    ../fplib/microlib/fpdiv.c                0x00000000   Number         0  ddiv.o ABSOLUTE
    ../fplib/microlib/fpepilogue.c           0x00000000   Number         0  depilogue.o ABSOLUTE
    ../fplib/microlib/fpfix.c                0x00000000   Number         0  dfixul.o ABSOLUTE
    ../fplib/microlib/fpmul.c                0x00000000   Number         0  dmul.o ABSOLUTE
    ..\..\hardware\Librarier\core\misc.c     0x00000000   Number         0  misc.o ABSOLUTE
    ..\..\hardware\Librarier\core\system.c   0x00000000   Number         0  system.o ABSOLUTE
    ..\..\hardware\Librarier\sdk\yc_exti.c   0x00000000   Number         0  yc_exti.o ABSOLUTE
    ..\..\hardware\Librarier\sdk\yc_gpio.c   0x00000000   Number         0  yc_gpio.o ABSOLUTE
    ..\..\hardware\Librarier\sdk\yc_uart.c   0x00000000   Number         0  yc_uart.o ABSOLUTE
    ..\..\hardware\Librarier\startup\flash_start.s 0x00000000   Number         0  flash_start.o ABSOLUTE
    ..\..\hardware\Librarier\startup\startup.s 0x00000000   Number         0  startup.o ABSOLUTE
    ..\app\main.c                            0x00000000   Number         0  main.o ABSOLUTE
    ..\middle\middle_mmu.c                   0x00000000   Number         0  middle_mmu.o ABSOLUTE
    ..\middle\middle_print.c                 0x00000000   Number         0  middle_print.o ABSOLUTE
    ..\middle\middle_print_list.c            0x00000000   Number         0  middle_print_list.o ABSOLUTE
    cdrcmple.s                               0x00000000   Number         0  cdrcmple.o ABSOLUTE
    dc.s                                     0x00000000   Number         0  dc.o ABSOLUTE
    handlers.s                               0x00000000   Number         0  handlers.o ABSOLUTE
    init.s                                   0x00000000   Number         0  init.o ABSOLUTE
    .text                                    0x000000c0   Section       20  startup.o(.text)
    .data                                    0x00020000   Section       24  yc_exti.o(.data)
    ExtiEn                                   0x00020000   Data           6  yc_exti.o(.data)
    ExtiTrig                                 0x00020006   Data           6  yc_exti.o(.data)
    ExtiRisingFallingTrig                    0x0002000c   Data           6  yc_exti.o(.data)
    ExtiStatus                               0x00020012   Data           6  yc_exti.o(.data)
    .bss                                     0x00020018   Section     2048  yc_uart.o(.bss)
    .bss                                     0x00020818   Section       10  main.o(.bss)
    .flash_start                             0x01000200   Section      312  flash_start.o(.flash_start)
    isr                                      0x0100029d   Thumb Code     6  flash_start.o(.flash_start)
    isr_ret                                  0x010002a3   Thumb Code     8  flash_start.o(.flash_start)
    .ARM.Collect$$$$00000000                 0x01000400   Section        0  entry.o(.ARM.Collect$$$$00000000)
    .ARM.Collect$$$$00000001                 0x01000400   Section        4  entry2.o(.ARM.Collect$$$$00000001)
    .ARM.Collect$$$$00000004                 0x01000404   Section        4  entry5.o(.ARM.Collect$$$$00000004)
    .ARM.Collect$$$$00000008                 0x01000408   Section        0  entry7b.o(.ARM.Collect$$$$00000008)
    .ARM.Collect$$$$0000000A                 0x01000408   Section        0  entry8b.o(.ARM.Collect$$$$0000000A)
    .ARM.Collect$$$$0000000B                 0x01000408   Section        8  entry9a.o(.ARM.Collect$$$$0000000B)
    .ARM.Collect$$$$0000000D                 0x01000410   Section        0  entry10a.o(.ARM.Collect$$$$0000000D)
    .ARM.Collect$$$$0000000F                 0x01000410   Section        0  entry11a.o(.ARM.Collect$$$$0000000F)
    .ARM.Collect$$$$00002712                 0x01000410   Section        4  entry2.o(.ARM.Collect$$$$00002712)
    __lit__00000000                          0x01000410   Data           4  entry2.o(.ARM.Collect$$$$00002712)
    .text                                    0x01000414   Section        0  misc.o(.text)
    .text                                    0x010004a4   Section        0  system.o(.text)
    .text                                    0x01000728   Section        0  yc_gpio.o(.text)
    .text                                    0x01000cf0   Section        0  yc_exti.o(.text)
    .text                                    0x01000f3c   Section        0  yc_uart.o(.text)
    .text                                    0x01001420   Section        0  main.o(.text)
    .text                                    0x0100162c   Section        0  uidiv.o(.text)
    .text                                    0x01001658   Section       36  init.o(.text)
    i.__ARM_common_switch8                   0x0100167c   Section        0  yc_gpio.o(i.__ARM_common_switch8)
    i.__scatterload_copy                     0x01001696   Section       14  handlers.o(i.__scatterload_copy)
    i.__scatterload_null                     0x010016a4   Section        2  handlers.o(i.__scatterload_null)
    i.__scatterload_zeroinit                 0x010016a6   Section       14  handlers.o(i.__scatterload_zeroinit)
    .constdata                               0x010016b4   Section        8  system.o(.constdata)
    g_pcHex1                                 0x010016b4   Data           4  system.o(.constdata)
    g_pcHex2                                 0x010016b8   Data           4  system.o(.constdata)
    .constdata                               0x010016bc   Section      174  yc_gpio.o(.constdata)
    __FUNCTION__                             0x010016bc   Data          12  yc_gpio.o(.constdata)
    __FUNCTION__                             0x010016c8   Data          10  yc_gpio.o(.constdata)
    __FUNCTION__                             0x010016d2   Data          15  yc_gpio.o(.constdata)
    __FUNCTION__                             0x010016e1   Data          19  yc_gpio.o(.constdata)
    __FUNCTION__                             0x010016f4   Data          22  yc_gpio.o(.constdata)
    __FUNCTION__                             0x0100170a   Data          20  yc_gpio.o(.constdata)
    __FUNCTION__                             0x0100171e   Data          23  yc_gpio.o(.constdata)
    __FUNCTION__                             0x01001735   Data          15  yc_gpio.o(.constdata)
    __FUNCTION__                             0x01001744   Data          13  yc_gpio.o(.constdata)
    __FUNCTION__                             0x01001751   Data          11  yc_gpio.o(.constdata)
    __FUNCTION__                             0x0100175c   Data          14  yc_gpio.o(.constdata)
    .constdata                               0x0100176a   Section       39  yc_exti.o(.constdata)
    __FUNCTION__                             0x0100176a   Data          23  yc_exti.o(.constdata)
    __FUNCTION__                             0x01001781   Data          16  yc_exti.o(.constdata)
    .constdata                               0x01001791   Section      208  yc_uart.o(.constdata)
    __FUNCTION__                             0x01001791   Data          21  yc_uart.o(.constdata)
    __FUNCTION__                             0x010017a6   Data          12  yc_uart.o(.constdata)
    __FUNCTION__                             0x010017b2   Data          16  yc_uart.o(.constdata)
    __FUNCTION__                             0x010017c2   Data          10  yc_uart.o(.constdata)
    __FUNCTION__                             0x010017cc   Data          18  yc_uart.o(.constdata)
    __FUNCTION__                             0x010017de   Data          22  yc_uart.o(.constdata)
    __FUNCTION__                             0x010017f4   Data          16  yc_uart.o(.constdata)
    __FUNCTION__                             0x01001804   Data          14  yc_uart.o(.constdata)
    __FUNCTION__                             0x01001812   Data          17  yc_uart.o(.constdata)
    __FUNCTION__                             0x01001823   Data          13  yc_uart.o(.constdata)
    __FUNCTION__                             0x01001830   Data          13  yc_uart.o(.constdata)
    __FUNCTION__                             0x0100183d   Data          16  yc_uart.o(.constdata)
    __FUNCTION__                             0x0100184d   Data          20  yc_uart.o(.constdata)
    .conststring                             0x01001864   Section       37  system.o(.conststring)

    Global Symbols

    Symbol Name                              Value     Ov Type        Size  Object(Section)

    BuildAttributes$$THM_ISAv3M$S$PE$A:L22$X:L11$S22$IEEE1$IW$USESV6$~STKCKD$USESV7$~SHL$OSPACE$ROPI$EBA8$MICROLIB$REQ8$PRES8$EABIv2 0x00000000   Number         0  anon$$obj.o ABSOLUTE
    __ARM_use_no_argv                        0x00000000   Number         0  main.o ABSOLUTE
    __Vectors                                0x00000000   Data           4  startup.o(RESET)
    __cpp_initialize__aeabi_                  - Undefined Weak Reference
    __cxa_finalize                            - Undefined Weak Reference
    __decompress                              - Undefined Weak Reference
    _clock_init                               - Undefined Weak Reference
    _microlib_exit                            - Undefined Weak Reference
    __Vectors_End                            0x000000c0   Data           0  startup.o(RESET)
    __Vectors_Size                           0x000000c0   Number         0  startup.o ABSOLUTE
    reset_handler                            0x000000c1   Thumb Code     6  startup.o(.text)
    delay                                    0x000000c7   Thumb Code     8  startup.o(.text)
    nmi_handler                              0x000000cf   Thumb Code     2  startup.o(.text)
    uart0_DMA_buf                            0x00020018   Data        1024  yc_uart.o(.bss)
    uart1_DMA_buf                            0x00020418   Data        1024  yc_uart.o(.bss)
    buf                                      0x00020818   Data          10  main.o(.bss)
    __initial_sp                             0x00030000   Number         0  startup.o ABSOLUTE
    Reset_Handler                            0x01000201   Thumb Code     4  flash_start.o(.flash_start)
    hard_fault_handler                       0x01000205   Thumb Code     6  flash_start.o(.flash_start)
    svc_handler                              0x0100020b   Thumb Code     6  flash_start.o(.flash_start)
    pendsv_handler                           0x01000211   Thumb Code     6  flash_start.o(.flash_start)
    systick                                  0x01000217   Thumb Code     6  flash_start.o(.flash_start)
    irq0                                     0x0100021d   Thumb Code     4  flash_start.o(.flash_start)
    irq1                                     0x01000221   Thumb Code     4  flash_start.o(.flash_start)
    irq2                                     0x01000225   Thumb Code     4  flash_start.o(.flash_start)
    irq3                                     0x01000229   Thumb Code     4  flash_start.o(.flash_start)
    irq4                                     0x0100022d   Thumb Code     4  flash_start.o(.flash_start)
    irq5                                     0x01000231   Thumb Code     4  flash_start.o(.flash_start)
    irq6                                     0x01000235   Thumb Code     4  flash_start.o(.flash_start)
    irq7                                     0x01000239   Thumb Code     4  flash_start.o(.flash_start)
    irq8                                     0x0100023d   Thumb Code     4  flash_start.o(.flash_start)
    irq9                                     0x01000241   Thumb Code     4  flash_start.o(.flash_start)
    irq10                                    0x01000245   Thumb Code     4  flash_start.o(.flash_start)
    irq11                                    0x01000249   Thumb Code     4  flash_start.o(.flash_start)
    irq12                                    0x0100024d   Thumb Code     4  flash_start.o(.flash_start)
    irq13                                    0x01000251   Thumb Code     4  flash_start.o(.flash_start)
    irq14                                    0x01000255   Thumb Code     4  flash_start.o(.flash_start)
    irq15                                    0x01000259   Thumb Code     4  flash_start.o(.flash_start)
    irq16                                    0x0100025d   Thumb Code     4  flash_start.o(.flash_start)
    irq17                                    0x01000261   Thumb Code     4  flash_start.o(.flash_start)
    irq18                                    0x01000265   Thumb Code     4  flash_start.o(.flash_start)
    irq19                                    0x01000269   Thumb Code     4  flash_start.o(.flash_start)
    irq20                                    0x0100026d   Thumb Code     4  flash_start.o(.flash_start)
    irq21                                    0x01000271   Thumb Code     4  flash_start.o(.flash_start)
    irq22                                    0x01000275   Thumb Code     4  flash_start.o(.flash_start)
    irq23                                    0x01000279   Thumb Code     4  flash_start.o(.flash_start)
    irq24                                    0x0100027d   Thumb Code     4  flash_start.o(.flash_start)
    irq25                                    0x01000281   Thumb Code     4  flash_start.o(.flash_start)
    irq26                                    0x01000285   Thumb Code     4  flash_start.o(.flash_start)
    irq27                                    0x01000289   Thumb Code     4  flash_start.o(.flash_start)
    irq28                                    0x0100028d   Thumb Code     4  flash_start.o(.flash_start)
    irq29                                    0x01000291   Thumb Code     4  flash_start.o(.flash_start)
    irq30                                    0x01000295   Thumb Code     4  flash_start.o(.flash_start)
    irq31                                    0x01000299   Thumb Code     4  flash_start.o(.flash_start)
    NMI_IRQHandler                           0x010002ad   Thumb Code     2  flash_start.o(.flash_start)
    HARD_FAULT_IRQHandler                    0x010002af   Thumb Code     2  flash_start.o(.flash_start)
    SVC_IRQHandler                           0x010002b1   Thumb Code     2  flash_start.o(.flash_start)
    PENDSV_IRQHandler                        0x010002b3   Thumb Code     2  flash_start.o(.flash_start)
    SYSTICK_IRQHandler                       0x010002b5   Thumb Code     2  flash_start.o(.flash_start)
    EXTI0_IRQHandler                         0x010002b7   Thumb Code     2  flash_start.o(.flash_start)
    EXTI1_IRQHandler                         0x010002b9   Thumb Code     2  flash_start.o(.flash_start)
    EXTI3_IRQHandler                         0x010002bd   Thumb Code     2  flash_start.o(.flash_start)
    EXTI4_IRQHandler                         0x010002bf   Thumb Code     2  flash_start.o(.flash_start)
    EXTI5_IRQHandler                         0x010002c1   Thumb Code     2  flash_start.o(.flash_start)
    BT_IRQHandler                            0x010002c3   Thumb Code     0  flash_start.o(.flash_start)
    IIC_IRQHandler                           0x010002c3   Thumb Code     0  flash_start.o(.flash_start)
    MEMCP_IRQHandler                         0x010002c3   Thumb Code     0  flash_start.o(.flash_start)
    MSR_IRQHandler                           0x010002c3   Thumb Code     0  flash_start.o(.flash_start)
    QSPI_IRQHandler                          0x010002c3   Thumb Code     0  flash_start.o(.flash_start)
    RSA_IRQHandler                           0x010002c3   Thumb Code     0  flash_start.o(.flash_start)
    SCI0_IRQHandler                          0x010002c3   Thumb Code     0  flash_start.o(.flash_start)
    SCI1_IRQHandler                          0x010002c3   Thumb Code     0  flash_start.o(.flash_start)
    SEC_IRQHandler                           0x010002c3   Thumb Code     0  flash_start.o(.flash_start)
    SM4_IRQHandler                           0x010002c3   Thumb Code     0  flash_start.o(.flash_start)
    SPI0_IRQHandler                          0x010002c3   Thumb Code     0  flash_start.o(.flash_start)
    SPI1_IRQHandler                          0x010002c3   Thumb Code     0  flash_start.o(.flash_start)
    TIMER0_IRQHandler                        0x010002c3   Thumb Code     0  flash_start.o(.flash_start)
    TIMER1_IRQHandler                        0x010002c3   Thumb Code     0  flash_start.o(.flash_start)
    TIMER2_IRQHandler                        0x010002c3   Thumb Code     0  flash_start.o(.flash_start)
    TIMER3_IRQHandler                        0x010002c3   Thumb Code     0  flash_start.o(.flash_start)
    TIMER4_IRQHandler                        0x010002c3   Thumb Code     0  flash_start.o(.flash_start)
    TIMER5_IRQHandler                        0x010002c3   Thumb Code     0  flash_start.o(.flash_start)
    TIMER6_IRQHandler                        0x010002c3   Thumb Code     0  flash_start.o(.flash_start)
    TIMER7_IRQHandler                        0x010002c3   Thumb Code     0  flash_start.o(.flash_start)
    TIMER8_IRQHandler                        0x010002c3   Thumb Code     0  flash_start.o(.flash_start)
    TRNG_IRQHandler                          0x010002c3   Thumb Code     0  flash_start.o(.flash_start)
    UART1_IRQHandler                         0x010002c3   Thumb Code     0  flash_start.o(.flash_start)
    USB_IRQHandler                           0x010002c3   Thumb Code     0  flash_start.o(.flash_start)
    WDT_IRQHandler                           0x010002c3   Thumb Code     0  flash_start.o(.flash_start)
    isr_table                                0x010002c4   Data           4  flash_start.o(.flash_start)
    __main                                   0x01000401   Thumb Code     0  entry.o(.ARM.Collect$$$$00000000)
    _main_stk                                0x01000401   Thumb Code     0  entry2.o(.ARM.Collect$$$$00000001)
    _main_scatterload                        0x01000405   Thumb Code     0  entry5.o(.ARM.Collect$$$$00000004)
    __main_after_scatterload                 0x01000409   Thumb Code     0  entry5.o(.ARM.Collect$$$$00000004)
    _main_clock                              0x01000409   Thumb Code     0  entry7b.o(.ARM.Collect$$$$00000008)
    _main_cpp_init                           0x01000409   Thumb Code     0  entry8b.o(.ARM.Collect$$$$0000000A)
    _main_init                               0x01000409   Thumb Code     0  entry9a.o(.ARM.Collect$$$$0000000B)
    __rt_final_cpp                           0x01000411   Thumb Code     0  entry10a.o(.ARM.Collect$$$$0000000D)
    __rt_final_exit                          0x01000411   Thumb Code     0  entry11a.o(.ARM.Collect$$$$0000000F)
    NVIC_SetPriority                         0x01000415   Thumb Code    62  misc.o(.text)
    trigger_PendSV                           0x01000453   Thumb Code    14  misc.o(.text)
    NVIC_EnableIRQ                           0x01000461   Thumb Code    14  misc.o(.text)
    NVIC_DisableIRQ                          0x0100046f   Thumb Code    12  misc.o(.text)
    soft_reset                               0x0100047b   Thumb Code    16  misc.o(.text)
    get_primask                              0x0100048b   Thumb Code     2  misc.o(.text)
    get_msp                                  0x0100048d   Thumb Code     2  misc.o(.text)
    set_msp                                  0x0100048f   Thumb Code     6  misc.o(.text)
    printfsend                               0x010004a5   Thumb Code    30  system.o(.text)
    MyPrintf                                 0x010004c3   Thumb Code   520  system.o(.text)
    printv                                   0x010006cb   Thumb Code    50  system.o(.text)
    _assert_handler                          0x010006fd   Thumb Code     2  system.o(.text)
    GPIO_Config                              0x01000729   Thumb Code   146  yc_gpio.o(.text)
    GPIO_Init                                0x010007bb   Thumb Code   236  yc_gpio.o(.text)
    GPIO_PullUpCmd                           0x010008a7   Thumb Code   176  yc_gpio.o(.text)
    GPIO_ReadInputData                       0x01000957   Thumb Code    30  yc_gpio.o(.text)
    GPIO_ReadInputDataBit                    0x01000975   Thumb Code   134  yc_gpio.o(.text)
    GPIO_ReadOutputData                      0x010009fb   Thumb Code    30  yc_gpio.o(.text)
    GPIO_ReadOutputDataBit                   0x01000a19   Thumb Code   134  yc_gpio.o(.text)
    GPIO_ResetBits                           0x01000a9f   Thumb Code   208  yc_gpio.o(.text)
    GPIO_SetBits                             0x01000b6f   Thumb Code   150  yc_gpio.o(.text)
    GPIO_StructInit                          0x01000c05   Thumb Code    12  yc_gpio.o(.text)
    GPIO_Write                               0x01000c11   Thumb Code    64  yc_gpio.o(.text)
    GPIO_WriteBit                            0x01000c51   Thumb Code   148  yc_gpio.o(.text)
    EXTI_ClearITPendingBit                   0x01000cf1   Thumb Code    70  yc_exti.o(.text)
    EXTI_DeInit                              0x01000d37   Thumb Code    46  yc_exti.o(.text)
    EXTI_GetITLineStatus                     0x01000d65   Thumb Code     8  yc_exti.o(.text)
    EXTI_LineConfig                          0x01000d6d   Thumb Code   250  yc_exti.o(.text)
    GPIO_IRQHandler                          0x01000e67   Thumb Code   156  yc_exti.o(.text)
    UART_AutoFlowCtrlCmd                     0x01000f3d   Thumb Code    76  yc_uart.o(.text)
    UART_ITConfig                            0x01000f89   Thumb Code   110  yc_uart.o(.text)
    UART_GetITIdentity                       0x01000ff7   Thumb Code    48  yc_uart.o(.text)
    UART_ClearIT                             0x01001027   Thumb Code    20  yc_uart.o(.text)
    UART_DeInit                              0x0100103b   Thumb Code    42  yc_uart.o(.text)
    UART_DMASendBuf                          0x01001065   Thumb Code    98  yc_uart.o(.text)
    UART_Init                                0x010010c7   Thumb Code   226  yc_uart.o(.text)
    UART_IsRXFIFOFull                        0x010011a9   Thumb Code    36  yc_uart.o(.text)
    UART_IsRXFIFONotEmpty                    0x010011cd   Thumb Code    38  yc_uart.o(.text)
    UART_IsUARTBusy                          0x010011f3   Thumb Code    38  yc_uart.o(.text)
    UART_ReceiveData                         0x01001219   Thumb Code    38  yc_uart.o(.text)
    UART_RecvBuf                             0x0100123f   Thumb Code    92  yc_uart.o(.text)
    UART_SendBuf                             0x0100129b   Thumb Code   190  yc_uart.o(.text)
    UART_SendData                            0x01001359   Thumb Code    62  yc_uart.o(.text)
    UART_SetITTimeout                        0x01001397   Thumb Code    14  yc_uart.o(.text)
    UART_SetRxITNum                          0x010013a5   Thumb Code    52  yc_uart.o(.text)
    UART_StructInit                          0x010013d9   Thumb Code    20  yc_uart.o(.text)
    UART_ReceiveDataLen                      0x010013ed   Thumb Code    36  yc_uart.o(.text)
    Get_cmd                                  0x01001421   Thumb Code    58  main.o(.text)
    NVIC_Configuration                       0x0100145b   Thumb Code    32  main.o(.text)
    UART_Configuration                       0x0100147b   Thumb Code    68  main.o(.text)
    main                                     0x010014bf   Thumb Code   114  main.o(.text)
    UART0_IRQHandler                         0x01001531   Thumb Code    24  main.o(.text)
    EXTI2_IRQHandler                         0x01001549   Thumb Code    10  main.o(.text)
    __aeabi_uidiv                            0x0100162d   Thumb Code     0  uidiv.o(.text)
    __aeabi_uidivmod                         0x0100162d   Thumb Code    44  uidiv.o(.text)
    __scatterload                            0x01001659   Thumb Code    28  init.o(.text)
    __scatterload_rt2                        0x01001659   Thumb Code     0  init.o(.text)
    __ARM_common_switch8                     0x0100167d   Thumb Code    26  yc_gpio.o(i.__ARM_common_switch8)
    __scatterload_copy                       0x01001697   Thumb Code    14  handlers.o(i.__scatterload_copy)
    __scatterload_null                       0x010016a5   Thumb Code     2  handlers.o(i.__scatterload_null)
    __scatterload_zeroinit                   0x010016a7   Thumb Code    14  handlers.o(i.__scatterload_zeroinit)
    Region$$Table$$Base                      0x0100188c   Number         0  anon$$obj.o(Region$$Table)
    Region$$Table$$Limit                     0x010018ac   Number         0  anon$$obj.o(Region$$Table)



==============================================================================

Memory Map of the image

  Image Entry point : 0x01000401

  Load Region LR_IROM1 (Base: 0x00000000, Size: 0x000000d4, Max: 0x00001fff, ABSOLUTE)

    Execution Region ER_IROM1 (Exec base: 0x00000000, Load base: 0x00000000, Size: 0x000000d4, Max: 0x00001fff, ABSOLUTE)

    Exec Addr    Load Addr    Size         Type   Attr      Idx    E Section Name        Object

    0x00000000   0x00000000   0x000000c0   Data   RO            9    RESET               startup.o
    0x000000c0   0x000000c0   0x00000014   Code   RO           10    .text               startup.o



  Load Region LR_IROM3 (Base: 0x01000200, Size: 0x00000138, Max: 0x00000200, ABSOLUTE)

    Execution Region ER_IROM3 (Exec base: 0x01000200, Load base: 0x01000200, Size: 0x00000138, Max: 0xffffffff, ABSOLUTE)

    Exec Addr    Load Addr    Size         Type   Attr      Idx    E Section Name        Object

    0x01000200   0x01000200   0x00000138   Code   RO            1    .flash_start        flash_start.o



  Load Region LR_IROM4 (Base: 0x01000400, Size: 0x000014c4, Max: 0x0000fc00, ABSOLUTE)

    Execution Region RW_IRAM2 (Exec base: 0x00020000, Load base: 0x010018ac, Size: 0x00000824, Max: 0x00010000, ABSOLUTE)

    Exec Addr    Load Addr    Size         Type   Attr      Idx    E Section Name        Object

    0x00020000   0x010018ac   0x00000018   Data   RW          110    .data               yc_exti.o
    0x00020018        -       0x00000800   Zero   RW          127    .bss                yc_uart.o
    0x00020818        -       0x0000000a   Zero   RW          216    .bss                main.o


    Execution Region ER_IROM4 (Exec base: 0x01000400, Load base: 0x01000400, Size: 0x000014ac, Max: 0xffffffff, ABSOLUTE)

    Exec Addr    Load Addr    Size         Type   Attr      Idx    E Section Name        Object

    0x01000400   0x01000400   0x00000000   Code   RO          237  * .ARM.Collect$$$$00000000  mc_p.l(entry.o)
    0x01000400   0x01000400   0x00000004   Code   RO          510    .ARM.Collect$$$$00000001  mc_p.l(entry2.o)
    0x01000404   0x01000404   0x00000004   Code   RO          513    .ARM.Collect$$$$00000004  mc_p.l(entry5.o)
    0x01000408   0x01000408   0x00000000   Code   RO          515    .ARM.Collect$$$$00000008  mc_p.l(entry7b.o)
    0x01000408   0x01000408   0x00000000   Code   RO          517    .ARM.Collect$$$$0000000A  mc_p.l(entry8b.o)
    0x01000408   0x01000408   0x00000008   Code   RO          518    .ARM.Collect$$$$0000000B  mc_p.l(entry9a.o)
    0x01000410   0x01000410   0x00000000   Code   RO          520    .ARM.Collect$$$$0000000D  mc_p.l(entry10a.o)
    0x01000410   0x01000410   0x00000000   Code   RO          522    .ARM.Collect$$$$0000000F  mc_p.l(entry11a.o)
    0x01000410   0x01000410   0x00000004   Code   RO          511    .ARM.Collect$$$$00002712  mc_p.l(entry2.o)
    0x01000414   0x01000414   0x00000090   Code   RO           14    .text               misc.o
    0x010004a4   0x010004a4   0x00000284   Code   RO           48    .text               system.o
    0x01000728   0x01000728   0x000005c8   Code   RO           70    .text               yc_gpio.o
    0x01000cf0   0x01000cf0   0x0000024c   Code   RO          108    .text               yc_exti.o
    0x01000f3c   0x01000f3c   0x000004e4   Code   RO          126    .text               yc_uart.o
    0x01001420   0x01001420   0x0000020c   Code   RO          215    .text               main.o
    0x0100162c   0x0100162c   0x0000002c   Code   RO          240    .text               mc_p.l(uidiv.o)
    0x01001658   0x01001658   0x00000024   Code   RO          540    .text               mc_p.l(init.o)
    0x0100167c   0x0100167c   0x0000001a   Code   RO           80    i.__ARM_common_switch8  yc_gpio.o
    0x01001696   0x01001696   0x0000000e   Code   RO          556    i.__scatterload_copy  mc_p.l(handlers.o)
    0x010016a4   0x010016a4   0x00000002   Code   RO          557    i.__scatterload_null  mc_p.l(handlers.o)
    0x010016a6   0x010016a6   0x0000000e   Code   RO          558    i.__scatterload_zeroinit  mc_p.l(handlers.o)
    0x010016b4   0x010016b4   0x00000008   Data   RO           49    .constdata          system.o
    0x010016bc   0x010016bc   0x000000ae   Data   RO           71    .constdata          yc_gpio.o
    0x0100176a   0x0100176a   0x00000027   Data   RO          109    .constdata          yc_exti.o
    0x01001791   0x01001791   0x000000d0   Data   RO          128    .constdata          yc_uart.o
    0x01001861   0x01001861   0x00000003   PAD
    0x01001864   0x01001864   0x00000025   Data   RO           50    .conststring        system.o
    0x01001889   0x01001889   0x00000003   PAD
    0x0100188c   0x0100188c   0x00000020   Data   RO          554    Region$$Table       anon$$obj.o


==============================================================================

Image component sizes


      Code (inc. data)   RO Data    RW Data    ZI Data      Debug   Object Name

       312        118          0          0          0       2212   flash_start.o
       524        218          0          0         10       2059   main.o
       144         16          0          0          0      27592   misc.o
        20          4        192          0          0        440   startup.o
       644         42         45          0          0       3843   system.o
       588         58         39         24          0       4510   yc_exti.o
      1506         68        174          0          0       7692   yc_gpio.o
      1252         88        208          0       2048       7084   yc_uart.o

    ----------------------------------------------------------------------
      4990        612        696         24       2060      55432   Object Totals
         0          0         32          0          0          0   (incl. Generated)
         0          0          6          0          2          0   (incl. Padding)

    ----------------------------------------------------------------------

      Code (inc. data)   RO Data    RW Data    ZI Data      Debug   Library Member Name

         0          0          0          0          0          0   entry.o
         0          0          0          0          0          0   entry10a.o
         0          0          0          0          0          0   entry11a.o
         8          4          0          0          0          0   entry2.o
         4          0          0          0          0          0   entry5.o
         0          0          0          0          0          0   entry7b.o
         0          0          0          0          0          0   entry8b.o
         8          4          0          0          0          0   entry9a.o
        30          0          0          0          0          0   handlers.o
        36          8          0          0          0         68   init.o
        44          0          0          0          0         72   uidiv.o

    ----------------------------------------------------------------------
       130         16          0          0          0        140   Library Totals
         0          0          0          0          0          0   (incl. Padding)

    ----------------------------------------------------------------------

      Code (inc. data)   RO Data    RW Data    ZI Data      Debug   Library Name

       130         16          0          0          0        140   mc_p.l

    ----------------------------------------------------------------------
       130         16          0          0          0        140   Library Totals

    ----------------------------------------------------------------------

==============================================================================


      Code (inc. data)   RO Data    RW Data    ZI Data      Debug   

      5120        628        696         24       2060      55056   Grand Totals
      5120        628        696         24       2060      55056   ELF Image Totals
      5120        628        696         24          0          0   ROM Totals

==============================================================================

    Total RO  Size (Code + RO Data)                 5816 (   5.68kB)
    Total RW  Size (RW Data + ZI Data)              2084 (   2.04kB)
    Total ROM Size (Code + RO Data + RW Data)       5840 (   5.70kB)

==============================================================================

